
*** Running vivado
    with args -log top_baxys.vds -m64 -product Vivado -mode batch -messageDb vivado.pb -notrace -source top_baxys.tcl


****** Vivado v2018.3 (64-bit)
  **** SW Build 2405991 on Thu Dec  6 23:38:27 MST 2018
  **** IP Build 2404404 on Fri Dec  7 01:43:56 MST 2018
    ** Copyright 1986-2018 Xilinx, Inc. All Rights Reserved.

source top_baxys.tcl -notrace
create_project: Time (s): cpu = 00:00:01 ; elapsed = 00:00:05 . Memory (MB): peak = 330.664 ; gain = 87.316
Command: synth_design -top top_baxys -part xc7a35tcpg236-1
Starting synth_design
Attempting to get a license for feature 'Synthesis' and/or device 'xc7a35t'
INFO: [Common 17-349] Got license for feature 'Synthesis' and/or device 'xc7a35t'
INFO: Launching helper process for spawning children vivado processes
INFO: Helper process launched with PID 10428 
---------------------------------------------------------------------------------
Starting RTL Elaboration : Time (s): cpu = 00:00:02 ; elapsed = 00:00:03 . Memory (MB): peak = 441.434 ; gain = 97.059
---------------------------------------------------------------------------------
INFO: [Synth 8-638] synthesizing module 'top_baxys' [C:/Users/heraz/Desktop/CasseBrique/CasseBrique/CasseBrique.srcs/sources_1/imports/VHDL/Top_Basys.vhd:52]
INFO: [Synth 8-638] synthesizing module 'ClkDiv' [C:/Users/heraz/Desktop/CasseBrique/CasseBrique/CasseBrique.srcs/sources_1/imports/CasseBrique/clk25MHz.vhd:11]
WARNING: [Synth 8-614] signal 'reset' is read in the process but is not in the sensitivity list [C:/Users/heraz/Desktop/CasseBrique/CasseBrique/CasseBrique.srcs/sources_1/imports/CasseBrique/clk25MHz.vhd:15]
INFO: [Synth 8-256] done synthesizing module 'ClkDiv' (1#1) [C:/Users/heraz/Desktop/CasseBrique/CasseBrique/CasseBrique.srcs/sources_1/imports/CasseBrique/clk25MHz.vhd:11]
INFO: [Synth 8-638] synthesizing module 'ClkAcc' [C:/Users/heraz/Desktop/CasseBrique/CasseBrique/CasseBrique.srcs/sources_1/imports/VHDL/ClkAcc.vhd:17]
INFO: [Synth 8-256] done synthesizing module 'ClkAcc' (2#1) [C:/Users/heraz/Desktop/CasseBrique/CasseBrique/CasseBrique.srcs/sources_1/imports/VHDL/ClkAcc.vhd:17]
INFO: [Synth 8-638] synthesizing module 'switch_mgr' [C:/Users/heraz/Desktop/CasseBrique/CasseBrique/CasseBrique.srcs/sources_1/imports/VHDL/switch_mgr.vhd:22]
INFO: [Synth 8-256] done synthesizing module 'switch_mgr' (3#1) [C:/Users/heraz/Desktop/CasseBrique/CasseBrique/CasseBrique.srcs/sources_1/imports/VHDL/switch_mgr.vhd:22]
INFO: [Synth 8-638] synthesizing module 'button_mgr' [C:/Users/heraz/Desktop/CasseBrique/CasseBrique/CasseBrique.srcs/sources_1/imports/VHDL/button_mgr.vhd:22]
INFO: [Synth 8-256] done synthesizing module 'button_mgr' (4#1) [C:/Users/heraz/Desktop/CasseBrique/CasseBrique/CasseBrique.srcs/sources_1/imports/VHDL/button_mgr.vhd:22]
INFO: [Synth 8-638] synthesizing module 'aff_mgr_basys' [C:/Users/heraz/Desktop/CasseBrique/CasseBrique/CasseBrique.srcs/sources_1/imports/VHDL/aff_mgr_basys.vhd:48]
INFO: [Synth 8-256] done synthesizing module 'aff_mgr_basys' (5#1) [C:/Users/heraz/Desktop/CasseBrique/CasseBrique/CasseBrique.srcs/sources_1/imports/VHDL/aff_mgr_basys.vhd:48]
INFO: [Synth 8-638] synthesizing module 'ip_rotary' [C:/Users/heraz/Desktop/CasseBrique/CasseBrique/CasseBrique.srcs/sources_1/imports/VHDL/ip_rotary.vhd:20]
INFO: [Synth 8-638] synthesizing module 'rotary' [C:/Users/heraz/Desktop/CasseBrique/CasseBrique/CasseBrique.srcs/sources_1/imports/VHDL/rotary.vhd:20]
INFO: [Synth 8-256] done synthesizing module 'rotary' (6#1) [C:/Users/heraz/Desktop/CasseBrique/CasseBrique/CasseBrique.srcs/sources_1/imports/VHDL/rotary.vhd:20]
INFO: [Synth 8-638] synthesizing module 'move' [C:/Users/heraz/Desktop/CasseBrique/CasseBrique/CasseBrique.srcs/sources_1/new/Move.vhd:15]
INFO: [Synth 8-256] done synthesizing module 'move' (7#1) [C:/Users/heraz/Desktop/CasseBrique/CasseBrique/CasseBrique.srcs/sources_1/new/Move.vhd:15]
INFO: [Synth 8-256] done synthesizing module 'ip_rotary' (8#1) [C:/Users/heraz/Desktop/CasseBrique/CasseBrique/CasseBrique.srcs/sources_1/imports/VHDL/ip_rotary.vhd:20]
INFO: [Synth 8-638] synthesizing module 'accelero_mgr' [C:/Users/heraz/Desktop/CasseBrique/CasseBrique/CasseBrique.srcs/sources_1/imports/VHDL/accelero_mgr.vhd:24]
INFO: [Synth 8-638] synthesizing module 'ADXL362Ctrl' [C:/Users/heraz/Desktop/CasseBrique/CasseBrique/CasseBrique.srcs/sources_1/imports/VHDL/ADXL362Ctrl.vhd:117]
	Parameter SYSCLK_FREQUENCY_HZ bound to: 100000000 - type: integer 
	Parameter SCLK_FREQUENCY_HZ bound to: 1000000 - type: integer 
	Parameter NUM_READS_AVG bound to: 16 - type: integer 
	Parameter UPDATE_FREQUENCY_HZ bound to: 1000 - type: integer 
INFO: [Synth 8-5534] Detected attribute (* fsm_encoding = "USER" *) [C:/Users/heraz/Desktop/CasseBrique/CasseBrique/CasseBrique.srcs/sources_1/imports/VHDL/ADXL362Ctrl.vhd:285]
INFO: [Synth 8-5534] Detected attribute (* fsm_encoding = "USER" *) [C:/Users/heraz/Desktop/CasseBrique/CasseBrique/CasseBrique.srcs/sources_1/imports/VHDL/ADXL362Ctrl.vhd:314]
INFO: [Synth 8-5534] Detected attribute (* fsm_encoding = "USER" *) [C:/Users/heraz/Desktop/CasseBrique/CasseBrique/CasseBrique.srcs/sources_1/imports/VHDL/ADXL362Ctrl.vhd:367]
	Parameter SYSCLK_FREQUENCY_HZ bound to: 100000000 - type: integer 
	Parameter SCLK_FREQUENCY_HZ bound to: 1000000 - type: integer 
INFO: [Synth 8-3491] module 'SPI_If' declared at 'C:/Users/heraz/Desktop/CasseBrique/CasseBrique/CasseBrique.srcs/sources_1/imports/VHDL/SPI_If.vhd:42' bound to instance 'SPI_Interface' of component 'SPI_If' [C:/Users/heraz/Desktop/CasseBrique/CasseBrique/CasseBrique.srcs/sources_1/imports/VHDL/ADXL362Ctrl.vhd:377]
INFO: [Synth 8-638] synthesizing module 'SPI_If' [C:/Users/heraz/Desktop/CasseBrique/CasseBrique/CasseBrique.srcs/sources_1/imports/VHDL/SPI_If.vhd:66]
	Parameter SYSCLK_FREQUENCY_HZ bound to: 100000000 - type: integer 
	Parameter SCLK_FREQUENCY_HZ bound to: 1000000 - type: integer 
INFO: [Synth 8-5534] Detected attribute (* fsm_encoding = "USER" *) [C:/Users/heraz/Desktop/CasseBrique/CasseBrique/CasseBrique.srcs/sources_1/imports/VHDL/SPI_If.vhd:113]
INFO: [Synth 8-256] done synthesizing module 'SPI_If' (9#1) [C:/Users/heraz/Desktop/CasseBrique/CasseBrique/CasseBrique.srcs/sources_1/imports/VHDL/SPI_If.vhd:66]
INFO: [Synth 8-256] done synthesizing module 'ADXL362Ctrl' (10#1) [C:/Users/heraz/Desktop/CasseBrique/CasseBrique/CasseBrique.srcs/sources_1/imports/VHDL/ADXL362Ctrl.vhd:117]
INFO: [Synth 8-256] done synthesizing module 'accelero_mgr' (11#1) [C:/Users/heraz/Desktop/CasseBrique/CasseBrique/CasseBrique.srcs/sources_1/imports/VHDL/accelero_mgr.vhd:24]
INFO: [Synth 8-638] synthesizing module 'objects' [C:/Users/heraz/Desktop/CasseBrique/CasseBrique/CasseBrique.srcs/sources_1/imports/VHDL/objects.vhd:53]
INFO: [Synth 8-638] synthesizing module 'decor' [C:/Users/heraz/Desktop/CasseBrique/CasseBrique/CasseBrique.srcs/sources_1/imports/VHDL/decor.vhd:40]
INFO: [Synth 8-256] done synthesizing module 'decor' (12#1) [C:/Users/heraz/Desktop/CasseBrique/CasseBrique/CasseBrique.srcs/sources_1/imports/VHDL/decor.vhd:40]
INFO: [Synth 8-638] synthesizing module 'pad' [C:/Users/heraz/Desktop/CasseBrique/CasseBrique/CasseBrique.srcs/sources_1/imports/VHDL/pad.vhd:48]
INFO: [Synth 8-256] done synthesizing module 'pad' (13#1) [C:/Users/heraz/Desktop/CasseBrique/CasseBrique/CasseBrique.srcs/sources_1/imports/VHDL/pad.vhd:48]
INFO: [Synth 8-638] synthesizing module 'bounce' [C:/Users/heraz/Desktop/CasseBrique/CasseBrique/CasseBrique.srcs/sources_1/imports/VHDL/bounce.vhd:59]
INFO: [Synth 8-256] done synthesizing module 'bounce' (14#1) [C:/Users/heraz/Desktop/CasseBrique/CasseBrique/CasseBrique.srcs/sources_1/imports/VHDL/bounce.vhd:59]
INFO: [Synth 8-638] synthesizing module 'ball' [C:/Users/heraz/Desktop/CasseBrique/CasseBrique/CasseBrique.srcs/sources_1/imports/VHDL/ball.vhd:43]
INFO: [Synth 8-256] done synthesizing module 'ball' (15#1) [C:/Users/heraz/Desktop/CasseBrique/CasseBrique/CasseBrique.srcs/sources_1/imports/VHDL/ball.vhd:43]
INFO: [Synth 8-638] synthesizing module 'brick_ctrl' [C:/Users/heraz/Desktop/CasseBrique/CasseBrique/CasseBrique.srcs/sources_1/imports/VHDL/brick.vhd:22]
INFO: [Synth 8-256] done synthesizing module 'brick_ctrl' (16#1) [C:/Users/heraz/Desktop/CasseBrique/CasseBrique/CasseBrique.srcs/sources_1/imports/VHDL/brick.vhd:22]
INFO: [Synth 8-256] done synthesizing module 'objects' (17#1) [C:/Users/heraz/Desktop/CasseBrique/CasseBrique/CasseBrique.srcs/sources_1/imports/VHDL/objects.vhd:53]
INFO: [Synth 8-638] synthesizing module 'game' [C:/Users/heraz/Desktop/CasseBrique/CasseBrique/CasseBrique.srcs/sources_1/imports/VHDL/game.vhd:53]
INFO: [Synth 8-638] synthesizing module 'display' [C:/Users/heraz/Desktop/CasseBrique/CasseBrique/CasseBrique.srcs/sources_1/imports/VHDL/display.vhd:34]
INFO: [Synth 8-256] done synthesizing module 'display' (18#1) [C:/Users/heraz/Desktop/CasseBrique/CasseBrique/CasseBrique.srcs/sources_1/imports/VHDL/display.vhd:34]
INFO: [Synth 8-638] synthesizing module 'game_mgr' [C:/Users/heraz/Desktop/CasseBrique/CasseBrique/CasseBrique.srcs/sources_1/imports/VHDL/game_mgr.vhd:18]
INFO: [Synth 8-256] done synthesizing module 'game_mgr' (19#1) [C:/Users/heraz/Desktop/CasseBrique/CasseBrique/CasseBrique.srcs/sources_1/imports/VHDL/game_mgr.vhd:18]
INFO: [Synth 8-638] synthesizing module 'master_slave_mgr' [C:/Users/heraz/Desktop/CasseBrique/CasseBrique/CasseBrique.srcs/sources_1/imports/VHDL/mas_sla_mgr.vhd:18]
INFO: [Synth 8-256] done synthesizing module 'master_slave_mgr' (20#1) [C:/Users/heraz/Desktop/CasseBrique/CasseBrique/CasseBrique.srcs/sources_1/imports/VHDL/mas_sla_mgr.vhd:18]
INFO: [Synth 8-256] done synthesizing module 'game' (21#1) [C:/Users/heraz/Desktop/CasseBrique/CasseBrique/CasseBrique.srcs/sources_1/imports/VHDL/game.vhd:53]
INFO: [Synth 8-638] synthesizing module 'VGA_4bits' [C:/Users/heraz/Desktop/CasseBrique/CasseBrique/CasseBrique.srcs/sources_1/imports/CasseBrique/VGA_4 bits.vhd:24]
INFO: [Synth 8-256] done synthesizing module 'VGA_4bits' (22#1) [C:/Users/heraz/Desktop/CasseBrique/CasseBrique/CasseBrique.srcs/sources_1/imports/CasseBrique/VGA_4 bits.vhd:24]
INFO: [Synth 8-638] synthesizing module 'Moving_Colors' [C:/Users/heraz/Desktop/CasseBrique/CasseBrique/CasseBrique.srcs/sources_1/imports/new/Moving_Colors.vhd:12]
INFO: [Synth 8-638] synthesizing module 'clk20Hz' [C:/Users/heraz/Desktop/CasseBrique/CasseBrique/CasseBrique.srcs/sources_1/imports/new/Clk20Hz.vhd:13]
INFO: [Synth 8-256] done synthesizing module 'clk20Hz' (23#1) [C:/Users/heraz/Desktop/CasseBrique/CasseBrique/CasseBrique.srcs/sources_1/imports/new/Clk20Hz.vhd:13]
INFO: [Synth 8-256] done synthesizing module 'Moving_Colors' (24#1) [C:/Users/heraz/Desktop/CasseBrique/CasseBrique/CasseBrique.srcs/sources_1/imports/new/Moving_Colors.vhd:12]
INFO: [Synth 8-256] done synthesizing module 'top_baxys' (25#1) [C:/Users/heraz/Desktop/CasseBrique/CasseBrique/CasseBrique.srcs/sources_1/imports/VHDL/Top_Basys.vhd:52]
WARNING: [Synth 8-3331] design game has unconnected port endframe
WARNING: [Synth 8-3331] design game has unconnected port lost
WARNING: [Synth 8-3331] design game has unconnected port brick_bounce[1][8]
WARNING: [Synth 8-3331] design game has unconnected port brick_bounce[1][7]
WARNING: [Synth 8-3331] design game has unconnected port brick_bounce[1][6]
WARNING: [Synth 8-3331] design game has unconnected port brick_bounce[1][5]
WARNING: [Synth 8-3331] design game has unconnected port brick_bounce[1][4]
WARNING: [Synth 8-3331] design game has unconnected port brick_bounce[1][3]
WARNING: [Synth 8-3331] design game has unconnected port brick_bounce[1][2]
WARNING: [Synth 8-3331] design game has unconnected port brick_bounce[1][1]
WARNING: [Synth 8-3331] design game has unconnected port brick_bounce[1][0]
WARNING: [Synth 8-3331] design game has unconnected port brick_bounce[0][8]
WARNING: [Synth 8-3331] design game has unconnected port brick_bounce[0][7]
WARNING: [Synth 8-3331] design game has unconnected port brick_bounce[0][6]
WARNING: [Synth 8-3331] design game has unconnected port brick_bounce[0][5]
WARNING: [Synth 8-3331] design game has unconnected port brick_bounce[0][4]
WARNING: [Synth 8-3331] design game has unconnected port brick_bounce[0][3]
WARNING: [Synth 8-3331] design game has unconnected port brick_bounce[0][2]
WARNING: [Synth 8-3331] design game has unconnected port brick_bounce[0][1]
WARNING: [Synth 8-3331] design game has unconnected port brick_bounce[0][0]
WARNING: [Synth 8-3331] design decor has unconnected port clk25
WARNING: [Synth 8-3331] design decor has unconnected port reset
WARNING: [Synth 8-3331] design decor has unconnected port endframe
WARNING: [Synth 8-3331] design decor has unconnected port obstacle
WARNING: [Synth 8-3331] design top_baxys has unconnected port centre
---------------------------------------------------------------------------------
Finished RTL Elaboration : Time (s): cpu = 00:00:04 ; elapsed = 00:00:05 . Memory (MB): peak = 512.391 ; gain = 168.016
---------------------------------------------------------------------------------

Report Check Netlist: 
+------+------------------+-------+---------+-------+------------------+
|      |Item              |Errors |Warnings |Status |Description       |
+------+------------------+-------+---------+-------+------------------+
|1     |multi_driven_nets |      0|        0|Passed |Multi driven nets |
+------+------------------+-------+---------+-------+------------------+
---------------------------------------------------------------------------------
Start Handling Custom Attributes
---------------------------------------------------------------------------------
---------------------------------------------------------------------------------
Finished Handling Custom Attributes : Time (s): cpu = 00:00:04 ; elapsed = 00:00:05 . Memory (MB): peak = 512.391 ; gain = 168.016
---------------------------------------------------------------------------------
---------------------------------------------------------------------------------
Finished RTL Optimization Phase 1 : Time (s): cpu = 00:00:04 ; elapsed = 00:00:05 . Memory (MB): peak = 512.391 ; gain = 168.016
---------------------------------------------------------------------------------
INFO: [Device 21-403] Loading part xc7a35tcpg236-1
INFO: [Project 1-570] Preparing netlist for logic optimization

Processing XDC Constraints
Initializing timing engine
Parsing XDC File [C:/Users/heraz/Desktop/CasseBrique/CasseBrique/CasseBrique.srcs/constrs_1/imports/XDC/Console_Basys.xdc]
Finished Parsing XDC File [C:/Users/heraz/Desktop/CasseBrique/CasseBrique/CasseBrique.srcs/constrs_1/imports/XDC/Console_Basys.xdc]
INFO: [Project 1-236] Implementation specific constraints were found while reading constraint file [C:/Users/heraz/Desktop/CasseBrique/CasseBrique/CasseBrique.srcs/constrs_1/imports/XDC/Console_Basys.xdc]. These constraints will be ignored for synthesis but will be used in implementation. Impacted constraints are listed in the file [.Xil/top_baxys_propImpl.xdc].
Resolution: To avoid this warning, move constraints listed in [.Xil/top_baxys_propImpl.xdc] to another XDC file and exclude this new file from synthesis with the used_in_synthesis property (File Properties dialog in GUI) and re-run elaboration/synthesis.
Netlist sorting complete. Time (s): cpu = 00:00:00 ; elapsed = 00:00:00.001 . Memory (MB): peak = 844.301 ; gain = 0.000
Completed Processing XDC Constraints

Netlist sorting complete. Time (s): cpu = 00:00:00 ; elapsed = 00:00:00 . Memory (MB): peak = 844.316 ; gain = 0.000
INFO: [Project 1-111] Unisim Transformation Summary:
No Unisim elements were transformed.

Netlist sorting complete. Time (s): cpu = 00:00:00 ; elapsed = 00:00:00 . Memory (MB): peak = 844.316 ; gain = 0.000
Constraint Validation Runtime : Time (s): cpu = 00:00:00 ; elapsed = 00:00:00.005 . Memory (MB): peak = 844.316 ; gain = 0.000
---------------------------------------------------------------------------------
Finished Constraint Validation : Time (s): cpu = 00:00:11 ; elapsed = 00:00:14 . Memory (MB): peak = 844.316 ; gain = 499.941
---------------------------------------------------------------------------------
---------------------------------------------------------------------------------
Start Loading Part and Timing Information
---------------------------------------------------------------------------------
Loading part: xc7a35tcpg236-1
---------------------------------------------------------------------------------
Finished Loading Part and Timing Information : Time (s): cpu = 00:00:11 ; elapsed = 00:00:14 . Memory (MB): peak = 844.316 ; gain = 499.941
---------------------------------------------------------------------------------
---------------------------------------------------------------------------------
Start Applying 'set_property' XDC Constraints
---------------------------------------------------------------------------------
---------------------------------------------------------------------------------
Finished applying 'set_property' XDC Constraints : Time (s): cpu = 00:00:11 ; elapsed = 00:00:15 . Memory (MB): peak = 844.316 ; gain = 499.941
---------------------------------------------------------------------------------
INFO: [Synth 8-5546] ROM "sel_seg" won't be mapped to RAM because it is too sparse
INFO: [Synth 8-5544] ROM "qa" won't be mapped to Block RAM because address size (2) smaller than threshold (5)
INFO: [Synth 8-5544] ROM "qb" won't be mapped to Block RAM because address size (2) smaller than threshold (5)
INFO: [Synth 8-802] inferred FSM for state register 'EP_reg' in module 'move'
INFO: [Synth 8-5544] ROM "EF" won't be mapped to Block RAM because address size (1) smaller than threshold (5)
INFO: [Synth 8-5544] ROM "EF" won't be mapped to Block RAM because address size (1) smaller than threshold (5)
INFO: [Synth 8-802] inferred FSM for state register 'StC_reg' in module 'SPI_If'
INFO: [Synth 8-5546] ROM "SCLK_2X_TICK" won't be mapped to RAM because it is too sparse
INFO: [Synth 8-5546] ROM "StN" won't be mapped to RAM because it is too sparse
INFO: [Synth 8-802] inferred FSM for state register 'StC_Spi_SendRec_reg' in module 'ADXL362Ctrl'
INFO: [Synth 8-802] inferred FSM for state register 'StC_Spi_Trans_reg' in module 'ADXL362Ctrl'
INFO: [Synth 8-802] inferred FSM for state register 'StC_Adxl_Ctrl_reg' in module 'ADXL362Ctrl'
INFO: [Synth 8-5546] ROM "Cnt_SS_Inactive_done" won't be mapped to RAM because it is too sparse
INFO: [Synth 8-5544] ROM "Cnt_Num_Reads_Done" won't be mapped to Block RAM because address size (4) smaller than threshold (5)
INFO: [Synth 8-5546] ROM "Sample_Rate_Tick" won't be mapped to RAM because it is too sparse
INFO: [Synth 8-5544] ROM "Cmd_Reg_Addr_Done" won't be mapped to Block RAM because address size (2) smaller than threshold (5)
INFO: [Synth 8-5544] ROM "StN_Spi_SendRec" won't be mapped to Block RAM because address size (1) smaller than threshold (5)
INFO: [Synth 8-5544] ROM "StN_Spi_SendRec" won't be mapped to Block RAM because address size (1) smaller than threshold (5)
INFO: [Synth 8-5544] ROM "StN_Spi_SendRec" won't be mapped to Block RAM because address size (1) smaller than threshold (5)
INFO: [Synth 8-5546] ROM "StN_Spi_Trans" won't be mapped to RAM because it is too sparse
INFO: [Synth 8-5544] ROM "StN_Adxl_Ctrl" won't be mapped to Block RAM because address size (1) smaller than threshold (5)
INFO: [Synth 8-5544] ROM "StN_Adxl_Ctrl" won't be mapped to Block RAM because address size (1) smaller than threshold (5)
INFO: [Synth 8-5546] ROM "Cnt_SS_Inactive_done" won't be mapped to RAM because it is too sparse
INFO: [Synth 8-5544] ROM "Cnt_Num_Reads_Done" won't be mapped to Block RAM because address size (4) smaller than threshold (5)
INFO: [Synth 8-5546] ROM "Sample_Rate_Tick" won't be mapped to RAM because it is too sparse
INFO: [Synth 8-5544] ROM "Cmd_Reg_Addr_Done" won't be mapped to Block RAM because address size (2) smaller than threshold (5)
INFO: [Synth 8-5544] ROM "StN_Spi_SendRec" won't be mapped to Block RAM because address size (1) smaller than threshold (5)
INFO: [Synth 8-5544] ROM "StN_Spi_SendRec" won't be mapped to Block RAM because address size (1) smaller than threshold (5)
INFO: [Synth 8-5544] ROM "StN_Spi_SendRec" won't be mapped to Block RAM because address size (1) smaller than threshold (5)
INFO: [Synth 8-5546] ROM "StN_Spi_Trans" won't be mapped to RAM because it is too sparse
INFO: [Synth 8-5544] ROM "StN_Adxl_Ctrl" won't be mapped to Block RAM because address size (1) smaller than threshold (5)
INFO: [Synth 8-5544] ROM "StN_Adxl_Ctrl" won't be mapped to Block RAM because address size (1) smaller than threshold (5)
INFO: [Synth 8-5544] ROM "Cmd_Reg_Data[0]" won't be mapped to Block RAM because address size (3) smaller than threshold (5)
INFO: [Synth 8-5544] ROM "Cmd_Reg_Data[0]" won't be mapped to Block RAM because address size (3) smaller than threshold (5)
INFO: [Synth 8-5544] ROM "Cmd_Reg[1]" won't be mapped to Block RAM because address size (1) smaller than threshold (5)
INFO: [Synth 8-5544] ROM "Cmd_Reg[2]" won't be mapped to Block RAM because address size (1) smaller than threshold (5)
INFO: [Synth 8-5544] ROM "Cnt_Bytes_Sent" won't be mapped to Block RAM because address size (1) smaller than threshold (5)
INFO: [Synth 8-5544] ROM "longueur" won't be mapped to Block RAM because address size (1) smaller than threshold (5)
INFO: [Synth 8-5544] ROM "far_left_zone" won't be mapped to Block RAM because address size (1) smaller than threshold (5)
INFO: [Synth 8-5544] ROM "left_zone" won't be mapped to Block RAM because address size (1) smaller than threshold (5)
INFO: [Synth 8-5544] ROM "center_zone" won't be mapped to Block RAM because address size (1) smaller than threshold (5)
INFO: [Synth 8-5544] ROM "right_zone" won't be mapped to Block RAM because address size (1) smaller than threshold (5)
INFO: [Synth 8-5544] ROM "inc_type" won't be mapped to Block RAM because address size (4) smaller than threshold (5)
INFO: [Synth 8-5544] ROM "inc_type" won't be mapped to Block RAM because address size (4) smaller than threshold (5)
INFO: [Synth 8-5544] ROM "inc_type" won't be mapped to Block RAM because address size (4) smaller than threshold (5)
INFO: [Synth 8-5544] ROM "inc_type" won't be mapped to Block RAM because address size (4) smaller than threshold (5)
INFO: [Synth 8-5544] ROM "inc_type" won't be mapped to Block RAM because address size (4) smaller than threshold (5)
INFO: [Synth 8-5544] ROM "inc_type" won't be mapped to Block RAM because address size (4) smaller than threshold (5)
INFO: [Synth 8-5544] ROM "inc_type" won't be mapped to Block RAM because address size (4) smaller than threshold (5)
INFO: [Synth 8-5546] ROM "inc_type" won't be mapped to RAM because it is too sparse
INFO: [Synth 8-5544] ROM "inc_type" won't be mapped to Block RAM because address size (4) smaller than threshold (5)
INFO: [Synth 8-5544] ROM "inc_type" won't be mapped to Block RAM because address size (4) smaller than threshold (5)
INFO: [Synth 8-5544] ROM "inc_type" won't be mapped to Block RAM because address size (4) smaller than threshold (5)
INFO: [Synth 8-5544] ROM "inc_type" won't be mapped to Block RAM because address size (4) smaller than threshold (5)
INFO: [Synth 8-5544] ROM "inc_type" won't be mapped to Block RAM because address size (4) smaller than threshold (5)
INFO: [Synth 8-5544] ROM "inc_type" won't be mapped to Block RAM because address size (4) smaller than threshold (5)
INFO: [Synth 8-5544] ROM "inc_type" won't be mapped to Block RAM because address size (4) smaller than threshold (5)
INFO: [Synth 8-5546] ROM "inc_type" won't be mapped to RAM because it is too sparse
INFO: [Synth 8-5544] ROM "inc_type" won't be mapped to Block RAM because address size (4) smaller than threshold (5)
INFO: [Synth 8-5544] ROM "xinc" won't be mapped to Block RAM because address size (4) smaller than threshold (5)
INFO: [Synth 8-5544] ROM "xinc" won't be mapped to Block RAM because address size (4) smaller than threshold (5)
INFO: [Synth 8-5544] ROM "yinc" won't be mapped to Block RAM because address size (4) smaller than threshold (5)
INFO: [Synth 8-5544] ROM "yinc" won't be mapped to Block RAM because address size (4) smaller than threshold (5)
INFO: [Synth 8-802] inferred FSM for state register 'EP_reg' in module 'game_mgr'
INFO: [Synth 8-5544] ROM "game_type" won't be mapped to Block RAM because address size (2) smaller than threshold (5)
INFO: [Synth 8-5544] ROM "EF" won't be mapped to Block RAM because address size (1) smaller than threshold (5)
INFO: [Synth 8-5544] ROM "EF" won't be mapped to Block RAM because address size (1) smaller than threshold (5)
INFO: [Synth 8-802] inferred FSM for state register 'EP_reg' in module 'master_slave_mgr'
INFO: [Synth 8-5544] ROM "master_slave" won't be mapped to Block RAM because address size (2) smaller than threshold (5)
INFO: [Synth 8-5544] ROM "EF" won't be mapped to Block RAM because address size (1) smaller than threshold (5)
INFO: [Synth 8-5544] ROM "EF" won't be mapped to Block RAM because address size (1) smaller than threshold (5)
INFO: [Synth 8-5546] ROM "clk_temp" won't be mapped to RAM because it is too sparse
INFO: [Synth 8-5818] HDL ADVISOR - The operator resource <adder> is shared. To prevent sharing consider applying a KEEP on the output of the operator [C:/Users/heraz/Desktop/CasseBrique/CasseBrique/CasseBrique.srcs/sources_1/imports/new/Moving_Colors.vhd:77]
INFO: [Synth 8-5818] HDL ADVISOR - The operator resource <adder> is shared. To prevent sharing consider applying a KEEP on the output of the operator [C:/Users/heraz/Desktop/CasseBrique/CasseBrique/CasseBrique.srcs/sources_1/imports/new/Moving_Colors.vhd:77]
INFO: [Synth 8-5818] HDL ADVISOR - The operator resource <adder> is shared. To prevent sharing consider applying a KEEP on the output of the operator [C:/Users/heraz/Desktop/CasseBrique/CasseBrique/CasseBrique.srcs/sources_1/imports/new/Moving_Colors.vhd:77]
INFO: [Synth 8-802] inferred FSM for state register 'EP_reg' in module 'Moving_Colors'
INFO: [Synth 8-5546] ROM "EF" won't be mapped to RAM because it is too sparse
INFO: [Synth 8-5546] ROM "EF" won't be mapped to RAM because it is too sparse
INFO: [Synth 8-5546] ROM "EF" won't be mapped to RAM because it is too sparse
---------------------------------------------------------------------------------------------------
                   State |                     New Encoding |                Previous Encoding 
---------------------------------------------------------------------------------------------------
                      s0 |                              000 |                              000
                      s1 |                              001 |                              001
                      s2 |                              010 |                              010
                      s3 |                              011 |                              011
                      s5 |                              100 |                              101
                      s4 |                              101 |                              100
---------------------------------------------------------------------------------------------------
INFO: [Synth 8-3354] encoded FSM with state register 'EP_reg' using encoding 'sequential' in module 'move'
---------------------------------------------------------------------------------------------------
                   State |                     New Encoding |                Previous Encoding 
---------------------------------------------------------------------------------------------------
                  stidle |                               00 |                         10100000
               stprepare |                               01 |                         00001001
                 stshift |                               10 |                         01011011
                  stdone |                               11 |                         00001110
---------------------------------------------------------------------------------------------------
INFO: [Synth 8-3354] encoded FSM with state register 'StC_reg' using encoding 'sequential' in module 'SPI_If'
---------------------------------------------------------------------------------------------------
                   State |                     New Encoding |                Previous Encoding 
---------------------------------------------------------------------------------------------------
        stspisendrecidle |                              000 |                          0000000
         stspipreparecmd |                              001 |                          1000001
         stspisendstartw |                              010 |                          0001011
        stspiwaitondonew |                              011 |                          0000111
         stspisendstartr |                              100 |                          0001110
        stspiwaitondoner |                              101 |                          0100100
        stspisendrecdone |                              110 |                          0010101
---------------------------------------------------------------------------------------------------
INFO: [Synth 8-3354] encoded FSM with state register 'StC_Spi_SendRec_reg' using encoding 'sequential' in module 'ADXL362Ctrl'
---------------------------------------------------------------------------------------------------
                   State |                     New Encoding |                Previous Encoding 
---------------------------------------------------------------------------------------------------
          stspitransidle |                              000 |                       0000000000
     stspiprepandsendcmd |                              001 |                       1111100001
       stspiwaitondonesr |                              010 |                       0000110011
     stspiwaitforssinact |                              011 |                       0000000010
          stspitransdone |                              100 |                       0000001110
---------------------------------------------------------------------------------------------------
INFO: [Synth 8-3354] encoded FSM with state register 'StC_Spi_Trans_reg' using encoding 'sequential' in module 'ADXL362Ctrl'
---------------------------------------------------------------------------------------------------
                   State |                     New Encoding |                Previous Encoding 
---------------------------------------------------------------------------------------------------
          stadxlctrlidle |                             0000 |                     100100000000
      stadxlsendresetcmd |                             0001 |                     011001000001
     stadxlwaitresetdone |                             0010 |                     010000000011
    stadxlconf_remaining |                             0011 |                     011001000010
stadxlwaitsampleratetick |                             0100 |                     000100000110
       stadxlread_status |                             0101 |                     011001000111
         stadxlread_data |                             0110 |                     011000000101
      stadxlformatandsum |                             0111 |                     000010101101
         stadxlread_done |                             1000 |                     000001011111
---------------------------------------------------------------------------------------------------
INFO: [Synth 8-3354] encoded FSM with state register 'StC_Adxl_Ctrl_reg' using encoding 'sequential' in module 'ADXL362Ctrl'
---------------------------------------------------------------------------------------------------
                   State |                     New Encoding |                Previous Encoding 
---------------------------------------------------------------------------------------------------
                   brick |                               00 |                               00
           change_2_pong |                               01 |                               01
                    pong |                               10 |                               10
          change_2_brick |                               11 |                               11
---------------------------------------------------------------------------------------------------
INFO: [Synth 8-3354] encoded FSM with state register 'EP_reg' using encoding 'sequential' in module 'game_mgr'
---------------------------------------------------------------------------------------------------
                   State |                     New Encoding |                Previous Encoding 
---------------------------------------------------------------------------------------------------
                  master |                               00 |                               00
          change_2_slave |                               01 |                               01
                   slave |                               10 |                               10
         change_2_master |                               11 |                               11
---------------------------------------------------------------------------------------------------
INFO: [Synth 8-3354] encoded FSM with state register 'EP_reg' using encoding 'sequential' in module 'master_slave_mgr'
---------------------------------------------------------------------------------------------------
                   State |                     New Encoding |                Previous Encoding 
---------------------------------------------------------------------------------------------------
                      s0 |                              001 |                               00
                      s1 |                              010 |                               01
                      s2 |                              100 |                               10
---------------------------------------------------------------------------------------------------
INFO: [Synth 8-3354] encoded FSM with state register 'EP_reg' using encoding 'one-hot' in module 'Moving_Colors'
---------------------------------------------------------------------------------
Finished RTL Optimization Phase 2 : Time (s): cpu = 00:00:13 ; elapsed = 00:00:16 . Memory (MB): peak = 844.316 ; gain = 499.941
---------------------------------------------------------------------------------

Report RTL Partitions: 
+-+--------------+------------+----------+
| |RTL Partition |Replication |Instances |
+-+--------------+------------+----------+
+-+--------------+------------+----------+
---------------------------------------------------------------------------------
Start RTL Component Statistics 
---------------------------------------------------------------------------------
Detailed RTL Component Info : 
+---Adders : 
	   2 Input     22 Bit       Adders := 1     
	   2 Input     17 Bit       Adders := 2     
	   3 Input     11 Bit       Adders := 1     
	   2 Input     10 Bit       Adders := 22    
	   2 Input      9 Bit       Adders := 5     
	   2 Input      6 Bit       Adders := 1     
	   2 Input      5 Bit       Adders := 3     
	   2 Input      4 Bit       Adders := 1     
	   2 Input      3 Bit       Adders := 3     
	   2 Input      2 Bit       Adders := 3     
+---XORs : 
	   2 Input      1 Bit         XORs := 1     
+---Registers : 
	               22 Bit    Registers := 1     
	               17 Bit    Registers := 2     
	               12 Bit    Registers := 4     
	               10 Bit    Registers := 6     
	                9 Bit    Registers := 4     
	                8 Bit    Registers := 15    
	                7 Bit    Registers := 1     
	                6 Bit    Registers := 1     
	                5 Bit    Registers := 4     
	                4 Bit    Registers := 3     
	                3 Bit    Registers := 3     
	                2 Bit    Registers := 4     
	                1 Bit    Registers := 33    
+---Muxes : 
	   2 Input     22 Bit        Muxes := 1     
	   2 Input     17 Bit        Muxes := 2     
	   9 Input     12 Bit        Muxes := 1     
	   5 Input     10 Bit        Muxes := 3     
	   7 Input     10 Bit        Muxes := 2     
	  13 Input     10 Bit        Muxes := 1     
	   2 Input     10 Bit        Muxes := 12    
	   4 Input     10 Bit        Muxes := 1     
	   6 Input     10 Bit        Muxes := 3     
	   3 Input      9 Bit        Muxes := 2     
	   2 Input      9 Bit        Muxes := 6     
	   5 Input      8 Bit        Muxes := 3     
	   6 Input      8 Bit        Muxes := 3     
	   4 Input      8 Bit        Muxes := 1     
	   2 Input      8 Bit        Muxes := 3     
	   7 Input      7 Bit        Muxes := 1     
	   8 Input      7 Bit        Muxes := 2     
	   2 Input      7 Bit        Muxes := 3     
	   2 Input      6 Bit        Muxes := 1     
	   2 Input      5 Bit        Muxes := 1     
	   5 Input      4 Bit        Muxes := 1     
	   2 Input      4 Bit        Muxes := 19    
	   9 Input      4 Bit        Muxes := 1     
	   7 Input      4 Bit        Muxes := 2     
	   6 Input      4 Bit        Muxes := 4     
	  14 Input      4 Bit        Muxes := 1     
	  26 Input      4 Bit        Muxes := 1     
	   6 Input      3 Bit        Muxes := 1     
	   2 Input      3 Bit        Muxes := 14    
	   7 Input      3 Bit        Muxes := 3     
	   5 Input      3 Bit        Muxes := 1     
	   4 Input      3 Bit        Muxes := 1     
	  13 Input      3 Bit        Muxes := 1     
	   2 Input      2 Bit        Muxes := 13    
	   5 Input      2 Bit        Muxes := 1     
	   4 Input      2 Bit        Muxes := 4     
	   6 Input      2 Bit        Muxes := 1     
	   3 Input      2 Bit        Muxes := 3     
	   2 Input      1 Bit        Muxes := 84    
	   5 Input      1 Bit        Muxes := 3     
	   3 Input      1 Bit        Muxes := 6     
	   6 Input      1 Bit        Muxes := 3     
	   4 Input      1 Bit        Muxes := 3     
	   7 Input      1 Bit        Muxes := 3     
	   9 Input      1 Bit        Muxes := 1     
	  19 Input      1 Bit        Muxes := 1     
	  13 Input      1 Bit        Muxes := 1     
	  20 Input      1 Bit        Muxes := 2     
	  18 Input      1 Bit        Muxes := 1     
---------------------------------------------------------------------------------
Finished RTL Component Statistics 
---------------------------------------------------------------------------------
---------------------------------------------------------------------------------
Start RTL Hierarchical Component Statistics 
---------------------------------------------------------------------------------
Hierarchical RTL Component report 
Module top_baxys 
Detailed RTL Component Info : 
+---Muxes : 
	   2 Input      4 Bit        Muxes := 6     
	   2 Input      1 Bit        Muxes := 4     
	  18 Input      1 Bit        Muxes := 1     
Module ClkDiv 
Detailed RTL Component Info : 
+---Adders : 
	   2 Input      2 Bit       Adders := 1     
+---Registers : 
	                2 Bit    Registers := 1     
	                1 Bit    Registers := 1     
+---Muxes : 
	   2 Input      2 Bit        Muxes := 1     
Module ClkAcc 
Detailed RTL Component Info : 
+---Registers : 
	                1 Bit    Registers := 1     
Module button_mgr 
Detailed RTL Component Info : 
+---Registers : 
	                1 Bit    Registers := 3     
+---Muxes : 
	   2 Input      1 Bit        Muxes := 8     
Module aff_mgr_basys 
Detailed RTL Component Info : 
+---Adders : 
	   2 Input     17 Bit       Adders := 1     
+---Registers : 
	               17 Bit    Registers := 1     
	                8 Bit    Registers := 1     
	                4 Bit    Registers := 1     
+---Muxes : 
	   2 Input     17 Bit        Muxes := 1     
	   5 Input      8 Bit        Muxes := 1     
	   6 Input      8 Bit        Muxes := 3     
	   5 Input      4 Bit        Muxes := 1     
	   5 Input      2 Bit        Muxes := 1     
	   5 Input      1 Bit        Muxes := 1     
Module rotary 
Detailed RTL Component Info : 
+---Registers : 
	                1 Bit    Registers := 4     
+---Muxes : 
	   3 Input      1 Bit        Muxes := 2     
	   2 Input      1 Bit        Muxes := 2     
Module move 
Detailed RTL Component Info : 
+---Muxes : 
	   6 Input      3 Bit        Muxes := 1     
	   2 Input      3 Bit        Muxes := 4     
	   6 Input      1 Bit        Muxes := 2     
Module SPI_If 
Detailed RTL Component Info : 
+---Adders : 
	   2 Input      6 Bit       Adders := 1     
	   2 Input      3 Bit       Adders := 1     
+---Registers : 
	                8 Bit    Registers := 3     
	                6 Bit    Registers := 1     
	                3 Bit    Registers := 1     
	                1 Bit    Registers := 3     
+---Muxes : 
	   4 Input      8 Bit        Muxes := 1     
	   2 Input      8 Bit        Muxes := 2     
	   2 Input      3 Bit        Muxes := 1     
	   4 Input      2 Bit        Muxes := 1     
	   2 Input      1 Bit        Muxes := 3     
	   4 Input      1 Bit        Muxes := 1     
Module ADXL362Ctrl 
Detailed RTL Component Info : 
+---Adders : 
	   2 Input     17 Bit       Adders := 1     
	   2 Input     10 Bit       Adders := 1     
	   2 Input      4 Bit       Adders := 1     
	   2 Input      3 Bit       Adders := 1     
	   2 Input      2 Bit       Adders := 2     
+---Registers : 
	               17 Bit    Registers := 1     
	               12 Bit    Registers := 4     
	               10 Bit    Registers := 1     
	                8 Bit    Registers := 11    
	                7 Bit    Registers := 1     
	                4 Bit    Registers := 1     
	                3 Bit    Registers := 1     
	                2 Bit    Registers := 2     
	                1 Bit    Registers := 2     
+---Muxes : 
	   2 Input     17 Bit        Muxes := 1     
	   9 Input     12 Bit        Muxes := 1     
	   5 Input     10 Bit        Muxes := 1     
	   5 Input      8 Bit        Muxes := 2     
	   2 Input      8 Bit        Muxes := 1     
	   7 Input      7 Bit        Muxes := 1     
	   8 Input      7 Bit        Muxes := 2     
	   2 Input      4 Bit        Muxes := 3     
	   9 Input      4 Bit        Muxes := 1     
	   2 Input      3 Bit        Muxes := 7     
	   7 Input      3 Bit        Muxes := 1     
	   5 Input      3 Bit        Muxes := 1     
	   4 Input      3 Bit        Muxes := 1     
	   4 Input      2 Bit        Muxes := 1     
	   2 Input      2 Bit        Muxes := 2     
	   2 Input      1 Bit        Muxes := 21    
	   7 Input      1 Bit        Muxes := 1     
	   5 Input      1 Bit        Muxes := 1     
	   9 Input      1 Bit        Muxes := 1     
Module accelero_mgr 
Detailed RTL Component Info : 
+---Registers : 
	                1 Bit    Registers := 2     
Module decor 
Detailed RTL Component Info : 
+---XORs : 
	   2 Input      1 Bit         XORs := 1     
+---Muxes : 
	   2 Input      1 Bit        Muxes := 5     
Module pad 
Detailed RTL Component Info : 
+---Adders : 
	   3 Input     11 Bit       Adders := 1     
	   2 Input     10 Bit       Adders := 7     
	   2 Input      9 Bit       Adders := 5     
+---Registers : 
	               10 Bit    Registers := 1     
	                9 Bit    Registers := 2     
+---Muxes : 
	   3 Input      9 Bit        Muxes := 2     
	   2 Input      7 Bit        Muxes := 3     
	   2 Input      6 Bit        Muxes := 1     
	   2 Input      4 Bit        Muxes := 1     
	   2 Input      1 Bit        Muxes := 10    
	   5 Input      1 Bit        Muxes := 1     
Module bounce 
Detailed RTL Component Info : 
+---Registers : 
	                9 Bit    Registers := 2     
	                1 Bit    Registers := 11    
+---Muxes : 
	   2 Input      9 Bit        Muxes := 6     
	   2 Input      1 Bit        Muxes := 12    
	  19 Input      1 Bit        Muxes := 1     
Module ball 
Detailed RTL Component Info : 
+---Adders : 
	   2 Input     10 Bit       Adders := 12    
	   2 Input      3 Bit       Adders := 1     
+---Registers : 
	               10 Bit    Registers := 2     
	                5 Bit    Registers := 1     
	                4 Bit    Registers := 1     
	                3 Bit    Registers := 1     
	                2 Bit    Registers := 1     
	                1 Bit    Registers := 3     
+---Muxes : 
	   7 Input     10 Bit        Muxes := 2     
	  13 Input     10 Bit        Muxes := 1     
	   2 Input     10 Bit        Muxes := 10    
	   4 Input     10 Bit        Muxes := 1     
	   5 Input     10 Bit        Muxes := 2     
	   6 Input     10 Bit        Muxes := 3     
	   2 Input      5 Bit        Muxes := 1     
	   7 Input      4 Bit        Muxes := 2     
	   2 Input      4 Bit        Muxes := 6     
	   6 Input      4 Bit        Muxes := 4     
	  14 Input      4 Bit        Muxes := 1     
	  26 Input      4 Bit        Muxes := 1     
	   2 Input      3 Bit        Muxes := 2     
	  13 Input      3 Bit        Muxes := 1     
	   7 Input      3 Bit        Muxes := 2     
	   2 Input      2 Bit        Muxes := 2     
	   6 Input      2 Bit        Muxes := 1     
	   7 Input      1 Bit        Muxes := 2     
	  13 Input      1 Bit        Muxes := 1     
	   2 Input      1 Bit        Muxes := 13    
	   6 Input      1 Bit        Muxes := 1     
Module display 
Detailed RTL Component Info : 
+---Muxes : 
	  20 Input      1 Bit        Muxes := 2     
	   2 Input      1 Bit        Muxes := 2     
Module game_mgr 
Detailed RTL Component Info : 
+---Muxes : 
	   4 Input      2 Bit        Muxes := 1     
	   2 Input      2 Bit        Muxes := 4     
	   4 Input      1 Bit        Muxes := 1     
Module master_slave_mgr 
Detailed RTL Component Info : 
+---Muxes : 
	   4 Input      2 Bit        Muxes := 1     
	   2 Input      2 Bit        Muxes := 4     
	   4 Input      1 Bit        Muxes := 1     
Module VGA_4bits 
Detailed RTL Component Info : 
+---Adders : 
	   2 Input     10 Bit       Adders := 2     
+---Registers : 
	               10 Bit    Registers := 2     
	                1 Bit    Registers := 2     
+---Muxes : 
	   2 Input     10 Bit        Muxes := 2     
	   2 Input      4 Bit        Muxes := 3     
Module clk20Hz 
Detailed RTL Component Info : 
+---Adders : 
	   2 Input     22 Bit       Adders := 1     
+---Registers : 
	               22 Bit    Registers := 1     
	                1 Bit    Registers := 1     
+---Muxes : 
	   2 Input     22 Bit        Muxes := 1     
	   2 Input      1 Bit        Muxes := 1     
Module Moving_Colors 
Detailed RTL Component Info : 
+---Adders : 
	   2 Input      5 Bit       Adders := 3     
+---Registers : 
	                5 Bit    Registers := 3     
+---Muxes : 
	   3 Input      2 Bit        Muxes := 3     
	   2 Input      1 Bit        Muxes := 3     
	   3 Input      1 Bit        Muxes := 4     
---------------------------------------------------------------------------------
Finished RTL Hierarchical Component Statistics
---------------------------------------------------------------------------------
---------------------------------------------------------------------------------
Start Part Resource Summary
---------------------------------------------------------------------------------
Part Resources:
DSPs: 90 (col length:60)
BRAMs: 100 (col length: RAMB18 60 RAMB36 30)
---------------------------------------------------------------------------------
Finished Part Resource Summary
---------------------------------------------------------------------------------
---------------------------------------------------------------------------------
Start Cross Boundary and Area Optimization
---------------------------------------------------------------------------------
Warning: Parallel synthesis criteria is not met 
INFO: [Synth 8-5546] ROM "sel_seg" won't be mapped to RAM because it is too sparse
INFO: [Synth 8-4471] merging register 'accelero/Cmd_Reg_Data_Addr_reg[1:0]' into 'accelero/Cmd_Reg_Data_Addr_reg[1:0]' [C:/Users/heraz/Desktop/CasseBrique/CasseBrique/CasseBrique.srcs/sources_1/imports/VHDL/ADXL362Ctrl.vhd:455]
INFO: [Synth 8-5544] ROM "accelero/Cmd_Reg_Addr_Done" won't be mapped to Block RAM because address size (2) smaller than threshold (5)
INFO: [Synth 8-5544] ROM "accelero/Cnt_Num_Reads_Done" won't be mapped to Block RAM because address size (4) smaller than threshold (5)
INFO: [Synth 8-5546] ROM "accelero/SPI_Interface/SCLK_2X_TICK" won't be mapped to RAM because it is too sparse
INFO: [Synth 8-5546] ROM "accelero/Sample_Rate_Tick" won't be mapped to RAM because it is too sparse
INFO: [Synth 8-5546] ROM "accelero/Cnt_SS_Inactive_done" won't be mapped to RAM because it is too sparse
INFO: [Synth 8-5546] ROM "mondiv/clk_temp" won't be mapped to RAM because it is too sparse
WARNING: [Synth 8-3331] design game has unconnected port endframe
WARNING: [Synth 8-3331] design game has unconnected port lost
WARNING: [Synth 8-3331] design game has unconnected port brick_bounce[1][8]
WARNING: [Synth 8-3331] design game has unconnected port brick_bounce[1][7]
WARNING: [Synth 8-3331] design game has unconnected port brick_bounce[1][6]
WARNING: [Synth 8-3331] design game has unconnected port brick_bounce[1][5]
WARNING: [Synth 8-3331] design game has unconnected port brick_bounce[1][4]
WARNING: [Synth 8-3331] design game has unconnected port brick_bounce[1][3]
WARNING: [Synth 8-3331] design game has unconnected port brick_bounce[1][2]
WARNING: [Synth 8-3331] design game has unconnected port brick_bounce[1][1]
WARNING: [Synth 8-3331] design game has unconnected port brick_bounce[1][0]
WARNING: [Synth 8-3331] design game has unconnected port brick_bounce[0][8]
WARNING: [Synth 8-3331] design game has unconnected port brick_bounce[0][7]
WARNING: [Synth 8-3331] design game has unconnected port brick_bounce[0][6]
WARNING: [Synth 8-3331] design game has unconnected port brick_bounce[0][5]
WARNING: [Synth 8-3331] design game has unconnected port brick_bounce[0][4]
WARNING: [Synth 8-3331] design game has unconnected port brick_bounce[0][3]
WARNING: [Synth 8-3331] design game has unconnected port brick_bounce[0][2]
WARNING: [Synth 8-3331] design game has unconnected port brick_bounce[0][1]
WARNING: [Synth 8-3331] design game has unconnected port brick_bounce[0][0]
WARNING: [Synth 8-3331] design objects has unconnected port obstacle
WARNING: [Synth 8-3331] design top_baxys has unconnected port centre
INFO: [Synth 8-3886] merging instance 'accelero_mgr/accelero/Cmd_Reg_reg[0][0]' (FDRE) to 'accelero_mgr/accelero/Cmd_Reg_reg[0][5]'
INFO: [Synth 8-3886] merging instance 'accelero_mgr/accelero/Cmd_Reg_reg[0][3]' (FDRE) to 'accelero_mgr/accelero/Cmd_Reg_reg[0][5]'
INFO: [Synth 8-3333] propagating constant 0 across sequential element (accelero_mgr/\accelero/Cmd_Reg_reg[0][5] )
INFO: [Synth 8-3333] propagating constant 0 across sequential element (accelero_mgr/\accelero/Cmd_Reg_reg[1][7] )
INFO: [Synth 8-3333] propagating constant 0 across sequential element (obj_ctrl/\bounce_ctrl/barrier_bounce_reg )
INFO: [Synth 8-3333] propagating constant 1 across sequential element (aff/\seg_reg[7] )
INFO: [Synth 8-3333] propagating constant 0 across sequential element (obj_ctrl/p_0_out_inferred__1/\pad_ctrl/ypong_right_reg[0] )
INFO: [Synth 8-3333] propagating constant 0 across sequential element (obj_ctrl/p_0_out_inferred/\pad_ctrl/ypong_left_reg[0] )
INFO: [Synth 8-3333] propagating constant 1 across sequential element (obj_ctrl/p_0_out_inferred__0/\pad_ctrl/xpad_reg[0] )
---------------------------------------------------------------------------------
Finished Cross Boundary and Area Optimization : Time (s): cpu = 00:00:21 ; elapsed = 00:00:24 . Memory (MB): peak = 844.316 ; gain = 499.941
---------------------------------------------------------------------------------

Report RTL Partitions: 
+-+--------------+------------+----------+
| |RTL Partition |Replication |Instances |
+-+--------------+------------+----------+
+-+--------------+------------+----------+
---------------------------------------------------------------------------------
Start Applying XDC Timing Constraints
---------------------------------------------------------------------------------
---------------------------------------------------------------------------------
Finished Applying XDC Timing Constraints : Time (s): cpu = 00:00:27 ; elapsed = 00:00:32 . Memory (MB): peak = 844.316 ; gain = 499.941
---------------------------------------------------------------------------------
---------------------------------------------------------------------------------
Start Timing Optimization
---------------------------------------------------------------------------------
---------------------------------------------------------------------------------
Finished Timing Optimization : Time (s): cpu = 00:00:28 ; elapsed = 00:00:32 . Memory (MB): peak = 856.230 ; gain = 511.855
---------------------------------------------------------------------------------

Report RTL Partitions: 
+-+--------------+------------+----------+
| |RTL Partition |Replication |Instances |
+-+--------------+------------+----------+
+-+--------------+------------+----------+
---------------------------------------------------------------------------------
Start Technology Mapping
---------------------------------------------------------------------------------
---------------------------------------------------------------------------------
Finished Technology Mapping : Time (s): cpu = 00:00:28 ; elapsed = 00:00:32 . Memory (MB): peak = 880.805 ; gain = 536.430
---------------------------------------------------------------------------------

Report RTL Partitions: 
+-+--------------+------------+----------+
| |RTL Partition |Replication |Instances |
+-+--------------+------------+----------+
+-+--------------+------------+----------+
---------------------------------------------------------------------------------
Start IO Insertion
---------------------------------------------------------------------------------
---------------------------------------------------------------------------------
Start Flattening Before IO Insertion
---------------------------------------------------------------------------------
---------------------------------------------------------------------------------
Finished Flattening Before IO Insertion
---------------------------------------------------------------------------------
---------------------------------------------------------------------------------
Start Final Netlist Cleanup
---------------------------------------------------------------------------------
---------------------------------------------------------------------------------
Finished Final Netlist Cleanup
---------------------------------------------------------------------------------
---------------------------------------------------------------------------------
Finished IO Insertion : Time (s): cpu = 00:00:29 ; elapsed = 00:00:33 . Memory (MB): peak = 880.805 ; gain = 536.430
---------------------------------------------------------------------------------

Report Check Netlist: 
+------+------------------+-------+---------+-------+------------------+
|      |Item              |Errors |Warnings |Status |Description       |
+------+------------------+-------+---------+-------+------------------+
|1     |multi_driven_nets |      0|        0|Passed |Multi driven nets |
+------+------------------+-------+---------+-------+------------------+
---------------------------------------------------------------------------------
Start Renaming Generated Instances
---------------------------------------------------------------------------------
---------------------------------------------------------------------------------
Finished Renaming Generated Instances : Time (s): cpu = 00:00:29 ; elapsed = 00:00:33 . Memory (MB): peak = 880.805 ; gain = 536.430
---------------------------------------------------------------------------------

Report RTL Partitions: 
+-+--------------+------------+----------+
| |RTL Partition |Replication |Instances |
+-+--------------+------------+----------+
+-+--------------+------------+----------+
---------------------------------------------------------------------------------
Start Rebuilding User Hierarchy
---------------------------------------------------------------------------------
---------------------------------------------------------------------------------
Finished Rebuilding User Hierarchy : Time (s): cpu = 00:00:29 ; elapsed = 00:00:33 . Memory (MB): peak = 880.805 ; gain = 536.430
---------------------------------------------------------------------------------
---------------------------------------------------------------------------------
Start Renaming Generated Ports
---------------------------------------------------------------------------------
---------------------------------------------------------------------------------
Finished Renaming Generated Ports : Time (s): cpu = 00:00:29 ; elapsed = 00:00:33 . Memory (MB): peak = 880.805 ; gain = 536.430
---------------------------------------------------------------------------------
---------------------------------------------------------------------------------
Start Handling Custom Attributes
---------------------------------------------------------------------------------
---------------------------------------------------------------------------------
Finished Handling Custom Attributes : Time (s): cpu = 00:00:29 ; elapsed = 00:00:33 . Memory (MB): peak = 880.805 ; gain = 536.430
---------------------------------------------------------------------------------
---------------------------------------------------------------------------------
Start Renaming Generated Nets
---------------------------------------------------------------------------------
---------------------------------------------------------------------------------
Finished Renaming Generated Nets : Time (s): cpu = 00:00:29 ; elapsed = 00:00:33 . Memory (MB): peak = 880.805 ; gain = 536.430
---------------------------------------------------------------------------------
---------------------------------------------------------------------------------
Start ROM, RAM, DSP and Shift Register Reporting
---------------------------------------------------------------------------------

Static Shift Register Report:
+------------+------------------------------------------+--------+-------+--------------+--------------------+-------------------+--------+---------+
|Module Name | RTL Name                                 | Length | Width | Reset Signal | Pull out first Reg | Pull out last Reg | SRL16E | SRLC32E | 
+------------+------------------------------------------+--------+-------+--------------+--------------------+-------------------+--------+---------+
|top_baxys   | accelero_mgr/accelero/Data_Reg_reg[4][7] | 4      | 2     | NO           | NO                 | YES               | 2      | 0       | 
|top_baxys   | accelero_mgr/accelero/Data_Reg_reg[4][6] | 5      | 6     | NO           | NO                 | YES               | 6      | 0       | 
+------------+------------------------------------------+--------+-------+--------------+--------------------+-------------------+--------+---------+

---------------------------------------------------------------------------------
Finished ROM, RAM, DSP and Shift Register Reporting
---------------------------------------------------------------------------------
---------------------------------------------------------------------------------
Start Writing Synthesis Report
---------------------------------------------------------------------------------

Report BlackBoxes: 
+-+--------------+----------+
| |BlackBox name |Instances |
+-+--------------+----------+
+-+--------------+----------+

Report Cell Usage: 
+------+-------+------+
|      |Cell   |Count |
+------+-------+------+
|1     |BUFG   |     2|
|2     |CARRY4 |    97|
|3     |LUT1   |    44|
|4     |LUT2   |   156|
|5     |LUT3   |   142|
|6     |LUT4   |   241|
|7     |LUT5   |   173|
|8     |LUT6   |   366|
|9     |MUXF7  |     1|
|10    |SRL16E |     8|
|11    |FDCE   |   185|
|12    |FDPE   |    56|
|13    |FDRE   |   147|
|14    |FDSE   |     4|
|15    |IBUF   |    17|
|16    |OBUF   |    43|
+------+-------+------+

Report Instance Areas: 
+------+------------------------+-----------------+------+
|      |Instance                |Module           |Cells |
+------+------------------------+-----------------+------+
|1     |top                     |                 |  1682|
|2     |  ColorGen              |Moving_Colors    |   102|
|3     |    mondiv              |clk20Hz          |    57|
|4     |  accelero_mgr          |accelero_mgr     |   328|
|5     |    accelero            |ADXL362Ctrl      |   326|
|6     |      SPI_Interface     |SPI_If           |    79|
|7     |  aff                   |aff_mgr_basys    |    73|
|8     |  buttons               |button_mgr       |    62|
|9     |  clk25Hz               |ClkAcc           |    56|
|10    |  clk25MHz              |ClkDiv           |     4|
|11    |  codeur                |ip_rotary        |    24|
|12    |    codeur              |rotary           |     6|
|13    |    rotation            |move             |    18|
|14    |  game_ctrl             |game             |    16|
|15    |    game_select         |game_mgr         |     9|
|16    |    master_slave_select |master_slave_mgr |     7|
|17    |  obj_ctrl              |objects          |   681|
|18    |    ball_ctrl           |ball             |   428|
|19    |    bounce_ctrl         |bounce           |    50|
|20    |    pad_ctrl            |pad              |   203|
|21    |  vga_ctrl              |VGA_4bits        |   273|
+------+------------------------+-----------------+------+
---------------------------------------------------------------------------------
Finished Writing Synthesis Report : Time (s): cpu = 00:00:29 ; elapsed = 00:00:33 . Memory (MB): peak = 880.805 ; gain = 536.430
---------------------------------------------------------------------------------
Synthesis finished with 0 errors, 0 critical warnings and 22 warnings.
Synthesis Optimization Runtime : Time (s): cpu = 00:00:20 ; elapsed = 00:00:27 . Memory (MB): peak = 880.805 ; gain = 204.504
Synthesis Optimization Complete : Time (s): cpu = 00:00:29 ; elapsed = 00:00:34 . Memory (MB): peak = 880.805 ; gain = 536.430
INFO: [Project 1-571] Translating synthesized netlist
INFO: [Netlist 29-17] Analyzing 98 Unisim elements for replacement
INFO: [Netlist 29-28] Unisim Transformation completed in 0 CPU seconds
INFO: [Project 1-570] Preparing netlist for logic optimization
INFO: [Opt 31-138] Pushed 0 inverter(s) to 0 load pin(s).
Netlist sorting complete. Time (s): cpu = 00:00:00 ; elapsed = 00:00:00.001 . Memory (MB): peak = 880.805 ; gain = 0.000
INFO: [Project 1-111] Unisim Transformation Summary:
No Unisim elements were transformed.

INFO: [Common 17-83] Releasing license: Synthesis
171 Infos, 48 Warnings, 0 Critical Warnings and 0 Errors encountered.
synth_design completed successfully
synth_design: Time (s): cpu = 00:00:32 ; elapsed = 00:00:36 . Memory (MB): peak = 880.805 ; gain = 549.742
Netlist sorting complete. Time (s): cpu = 00:00:00 ; elapsed = 00:00:00.001 . Memory (MB): peak = 880.805 ; gain = 0.000
WARNING: [Constraints 18-5210] No constraints selected for write.
Resolution: This message can indicate that there are no constraints for the design, or it can indicate that the used_in flags are set such that the constraints are ignored. This later case is used when running synth_design to not write synthesis constraints to the resulting checkpoint. Instead, project constraints are read when the synthesized design is opened.
INFO: [Common 17-1381] The checkpoint 'C:/Users/heraz/Desktop/CasseBrique/CasseBrique/CasseBrique.runs/synth_1/top_baxys.dcp' has been generated.
INFO: [runtcl-4] Executing : report_utilization -file top_baxys_utilization_synth.rpt -pb top_baxys_utilization_synth.pb
INFO: [Common 17-206] Exiting Vivado at Fri Dec  5 18:45:37 2025...
