
*** Running vivado
    with args -log Top.vds -m64 -product Vivado -mode batch -messageDb vivado.pb -notrace -source Top.tcl


****** Vivado v2018.3 (64-bit)
  **** SW Build 2405991 on Thu Dec  6 23:38:27 MST 2018
  **** IP Build 2404404 on Fri Dec  7 01:43:56 MST 2018
    ** Copyright 1986-2018 Xilinx, Inc. All Rights Reserved.

source Top.tcl -notrace
Command: synth_design -top Top -part xc7a35tcpg236-1
Starting synth_design
Attempting to get a license for feature 'Synthesis' and/or device 'xc7a35t'
INFO: [Common 17-349] Got license for feature 'Synthesis' and/or device 'xc7a35t'
INFO: Launching helper process for spawning children vivado processes
INFO: Helper process launched with PID 15840 
---------------------------------------------------------------------------------
Starting RTL Elaboration : Time (s): cpu = 00:00:02 ; elapsed = 00:00:02 . Memory (MB): peak = 441.711 ; gain = 97.922
---------------------------------------------------------------------------------
INFO: [Synth 8-638] synthesizing module 'Top' [C:/Users/heraz/Desktop/CasseBrique/Tache1/Tache1.srcs/sources_1/imports/TACHE_1/Top.vhd:26]
INFO: [Synth 8-638] synthesizing module 'Moving_Colors' [C:/Users/heraz/Desktop/CasseBrique/Tache1/Tache1.srcs/sources_1/new/Moving_Colors.vhd:12]
INFO: [Synth 8-638] synthesizing module 'clk20Hz' [C:/Users/heraz/Desktop/CasseBrique/Tache1/Tache1.srcs/sources_1/new/Clk20Hz.vhd:13]
INFO: [Synth 8-256] done synthesizing module 'clk20Hz' (1#1) [C:/Users/heraz/Desktop/CasseBrique/Tache1/Tache1.srcs/sources_1/new/Clk20Hz.vhd:13]
INFO: [Synth 8-256] done synthesizing module 'Moving_Colors' (2#1) [C:/Users/heraz/Desktop/CasseBrique/Tache1/Tache1.srcs/sources_1/new/Moving_Colors.vhd:12]
INFO: [Synth 8-638] synthesizing module 'ClkDiv' [C:/Users/heraz/Desktop/CasseBrique/Tache1/Tache1.srcs/sources_1/imports/CasseBrique/clk25MHz.vhd:11]
WARNING: [Synth 8-614] signal 'reset' is read in the process but is not in the sensitivity list [C:/Users/heraz/Desktop/CasseBrique/Tache1/Tache1.srcs/sources_1/imports/CasseBrique/clk25MHz.vhd:15]
INFO: [Synth 8-256] done synthesizing module 'ClkDiv' (3#1) [C:/Users/heraz/Desktop/CasseBrique/Tache1/Tache1.srcs/sources_1/imports/CasseBrique/clk25MHz.vhd:11]
INFO: [Synth 8-638] synthesizing module 'VGA_4bits' [C:/Users/heraz/Desktop/CasseBrique/Tache1/Tache1.srcs/sources_1/imports/CasseBrique/VGA_4 bits.vhd:24]
INFO: [Synth 8-256] done synthesizing module 'VGA_4bits' (4#1) [C:/Users/heraz/Desktop/CasseBrique/Tache1/Tache1.srcs/sources_1/imports/CasseBrique/VGA_4 bits.vhd:24]
INFO: [Synth 8-256] done synthesizing module 'Top' (5#1) [C:/Users/heraz/Desktop/CasseBrique/Tache1/Tache1.srcs/sources_1/imports/TACHE_1/Top.vhd:26]
---------------------------------------------------------------------------------
Finished RTL Elaboration : Time (s): cpu = 00:00:02 ; elapsed = 00:00:03 . Memory (MB): peak = 497.699 ; gain = 153.910
---------------------------------------------------------------------------------

Report Check Netlist: 
+------+------------------+-------+---------+-------+------------------+
|      |Item              |Errors |Warnings |Status |Description       |
+------+------------------+-------+---------+-------+------------------+
|1     |multi_driven_nets |      0|        0|Passed |Multi driven nets |
+------+------------------+-------+---------+-------+------------------+
---------------------------------------------------------------------------------
Start Handling Custom Attributes
---------------------------------------------------------------------------------
---------------------------------------------------------------------------------
Finished Handling Custom Attributes : Time (s): cpu = 00:00:03 ; elapsed = 00:00:03 . Memory (MB): peak = 497.699 ; gain = 153.910
---------------------------------------------------------------------------------
---------------------------------------------------------------------------------
Finished RTL Optimization Phase 1 : Time (s): cpu = 00:00:03 ; elapsed = 00:00:03 . Memory (MB): peak = 497.699 ; gain = 153.910
---------------------------------------------------------------------------------
INFO: [Device 21-403] Loading part xc7a35tcpg236-1
INFO: [Project 1-570] Preparing netlist for logic optimization

Processing XDC Constraints
Initializing timing engine
Parsing XDC File [C:/Users/heraz/Desktop/CasseBrique/Tache1/Tache1.srcs/constrs_1/imports/TACHE_1/Tache1_Basys.xdc]
Finished Parsing XDC File [C:/Users/heraz/Desktop/CasseBrique/Tache1/Tache1.srcs/constrs_1/imports/TACHE_1/Tache1_Basys.xdc]
INFO: [Project 1-236] Implementation specific constraints were found while reading constraint file [C:/Users/heraz/Desktop/CasseBrique/Tache1/Tache1.srcs/constrs_1/imports/TACHE_1/Tache1_Basys.xdc]. These constraints will be ignored for synthesis but will be used in implementation. Impacted constraints are listed in the file [.Xil/Top_propImpl.xdc].
Resolution: To avoid this warning, move constraints listed in [.Xil/Top_propImpl.xdc] to another XDC file and exclude this new file from synthesis with the used_in_synthesis property (File Properties dialog in GUI) and re-run elaboration/synthesis.
Netlist sorting complete. Time (s): cpu = 00:00:00 ; elapsed = 00:00:00 . Memory (MB): peak = 823.086 ; gain = 0.000
Completed Processing XDC Constraints

Netlist sorting complete. Time (s): cpu = 00:00:00 ; elapsed = 00:00:00 . Memory (MB): peak = 823.145 ; gain = 0.000
INFO: [Project 1-111] Unisim Transformation Summary:
No Unisim elements were transformed.

Netlist sorting complete. Time (s): cpu = 00:00:00 ; elapsed = 00:00:00 . Memory (MB): peak = 823.145 ; gain = 0.000
Constraint Validation Runtime : Time (s): cpu = 00:00:00 ; elapsed = 00:00:00.002 . Memory (MB): peak = 823.145 ; gain = 0.000
---------------------------------------------------------------------------------
Finished Constraint Validation : Time (s): cpu = 00:00:10 ; elapsed = 00:00:12 . Memory (MB): peak = 823.145 ; gain = 479.355
---------------------------------------------------------------------------------
---------------------------------------------------------------------------------
Start Loading Part and Timing Information
---------------------------------------------------------------------------------
Loading part: xc7a35tcpg236-1
---------------------------------------------------------------------------------
Finished Loading Part and Timing Information : Time (s): cpu = 00:00:10 ; elapsed = 00:00:12 . Memory (MB): peak = 823.145 ; gain = 479.355
---------------------------------------------------------------------------------
---------------------------------------------------------------------------------
Start Applying 'set_property' XDC Constraints
---------------------------------------------------------------------------------
---------------------------------------------------------------------------------
Finished applying 'set_property' XDC Constraints : Time (s): cpu = 00:00:10 ; elapsed = 00:00:12 . Memory (MB): peak = 823.145 ; gain = 479.355
---------------------------------------------------------------------------------
INFO: [Synth 8-5546] ROM "clk_temp" won't be mapped to RAM because it is too sparse
INFO: [Synth 8-5818] HDL ADVISOR - The operator resource <adder> is shared. To prevent sharing consider applying a KEEP on the output of the operator [C:/Users/heraz/Desktop/CasseBrique/Tache1/Tache1.srcs/sources_1/new/Moving_Colors.vhd:77]
INFO: [Synth 8-5818] HDL ADVISOR - The operator resource <adder> is shared. To prevent sharing consider applying a KEEP on the output of the operator [C:/Users/heraz/Desktop/CasseBrique/Tache1/Tache1.srcs/sources_1/new/Moving_Colors.vhd:77]
INFO: [Synth 8-5818] HDL ADVISOR - The operator resource <adder> is shared. To prevent sharing consider applying a KEEP on the output of the operator [C:/Users/heraz/Desktop/CasseBrique/Tache1/Tache1.srcs/sources_1/new/Moving_Colors.vhd:77]
INFO: [Synth 8-802] inferred FSM for state register 'EP_reg' in module 'Moving_Colors'
INFO: [Synth 8-5546] ROM "EF" won't be mapped to RAM because it is too sparse
INFO: [Synth 8-5546] ROM "EF" won't be mapped to RAM because it is too sparse
INFO: [Synth 8-5546] ROM "EF" won't be mapped to RAM because it is too sparse
---------------------------------------------------------------------------------------------------
                   State |                     New Encoding |                Previous Encoding 
---------------------------------------------------------------------------------------------------
                      s0 |                              001 |                               00
                      s1 |                              010 |                               01
                      s2 |                              100 |                               10
---------------------------------------------------------------------------------------------------
INFO: [Synth 8-3354] encoded FSM with state register 'EP_reg' using encoding 'one-hot' in module 'Moving_Colors'
---------------------------------------------------------------------------------
Finished RTL Optimization Phase 2 : Time (s): cpu = 00:00:10 ; elapsed = 00:00:12 . Memory (MB): peak = 823.145 ; gain = 479.355
---------------------------------------------------------------------------------

Report RTL Partitions: 
+-+--------------+------------+----------+
| |RTL Partition |Replication |Instances |
+-+--------------+------------+----------+
+-+--------------+------------+----------+
---------------------------------------------------------------------------------
Start RTL Component Statistics 
---------------------------------------------------------------------------------
Detailed RTL Component Info : 
+---Adders : 
	   2 Input     22 Bit       Adders := 1     
	   2 Input     10 Bit       Adders := 2     
	   2 Input      5 Bit       Adders := 3     
	   2 Input      2 Bit       Adders := 1     
+---Registers : 
	               22 Bit    Registers := 1     
	               10 Bit    Registers := 2     
	                5 Bit    Registers := 3     
	                2 Bit    Registers := 1     
	                1 Bit    Registers := 4     
+---Muxes : 
	   2 Input     22 Bit        Muxes := 1     
	   2 Input     10 Bit        Muxes := 2     
	   2 Input      4 Bit        Muxes := 3     
	   3 Input      2 Bit        Muxes := 3     
	   2 Input      2 Bit        Muxes := 1     
	   2 Input      1 Bit        Muxes := 4     
	   3 Input      1 Bit        Muxes := 4     
---------------------------------------------------------------------------------
Finished RTL Component Statistics 
---------------------------------------------------------------------------------
---------------------------------------------------------------------------------
Start RTL Hierarchical Component Statistics 
---------------------------------------------------------------------------------
Hierarchical RTL Component report 
Module clk20Hz 
Detailed RTL Component Info : 
+---Adders : 
	   2 Input     22 Bit       Adders := 1     
+---Registers : 
	               22 Bit    Registers := 1     
	                1 Bit    Registers := 1     
+---Muxes : 
	   2 Input     22 Bit        Muxes := 1     
	   2 Input      1 Bit        Muxes := 1     
Module Moving_Colors 
Detailed RTL Component Info : 
+---Adders : 
	   2 Input      5 Bit       Adders := 3     
+---Registers : 
	                5 Bit    Registers := 3     
+---Muxes : 
	   3 Input      2 Bit        Muxes := 3     
	   2 Input      1 Bit        Muxes := 3     
	   3 Input      1 Bit        Muxes := 4     
Module ClkDiv 
Detailed RTL Component Info : 
+---Adders : 
	   2 Input      2 Bit       Adders := 1     
+---Registers : 
	                2 Bit    Registers := 1     
	                1 Bit    Registers := 1     
+---Muxes : 
	   2 Input      2 Bit        Muxes := 1     
Module VGA_4bits 
Detailed RTL Component Info : 
+---Adders : 
	   2 Input     10 Bit       Adders := 2     
+---Registers : 
	               10 Bit    Registers := 2     
	                1 Bit    Registers := 2     
+---Muxes : 
	   2 Input     10 Bit        Muxes := 2     
	   2 Input      4 Bit        Muxes := 3     
---------------------------------------------------------------------------------
Finished RTL Hierarchical Component Statistics
---------------------------------------------------------------------------------
---------------------------------------------------------------------------------
Start Part Resource Summary
---------------------------------------------------------------------------------
Part Resources:
DSPs: 90 (col length:60)
BRAMs: 100 (col length: RAMB18 60 RAMB36 30)
---------------------------------------------------------------------------------
Finished Part Resource Summary
---------------------------------------------------------------------------------
---------------------------------------------------------------------------------
Start Cross Boundary and Area Optimization
---------------------------------------------------------------------------------
Warning: Parallel synthesis criteria is not met 
INFO: [Synth 8-5546] ROM "Moving_colors/mondiv/clk_temp" won't be mapped to RAM because it is too sparse
---------------------------------------------------------------------------------
Finished Cross Boundary and Area Optimization : Time (s): cpu = 00:00:11 ; elapsed = 00:00:13 . Memory (MB): peak = 823.145 ; gain = 479.355
---------------------------------------------------------------------------------

Report RTL Partitions: 
+-+--------------+------------+----------+
| |RTL Partition |Replication |Instances |
+-+--------------+------------+----------+
+-+--------------+------------+----------+
---------------------------------------------------------------------------------
Start Applying XDC Timing Constraints
---------------------------------------------------------------------------------
---------------------------------------------------------------------------------
Finished Applying XDC Timing Constraints : Time (s): cpu = 00:00:18 ; elapsed = 00:00:20 . Memory (MB): peak = 823.145 ; gain = 479.355
---------------------------------------------------------------------------------
---------------------------------------------------------------------------------
Start Timing Optimization
---------------------------------------------------------------------------------
---------------------------------------------------------------------------------
Finished Timing Optimization : Time (s): cpu = 00:00:18 ; elapsed = 00:00:20 . Memory (MB): peak = 841.676 ; gain = 497.887
---------------------------------------------------------------------------------

Report RTL Partitions: 
+-+--------------+------------+----------+
| |RTL Partition |Replication |Instances |
+-+--------------+------------+----------+
+-+--------------+------------+----------+
---------------------------------------------------------------------------------
Start Technology Mapping
---------------------------------------------------------------------------------
---------------------------------------------------------------------------------
Finished Technology Mapping : Time (s): cpu = 00:00:18 ; elapsed = 00:00:21 . Memory (MB): peak = 842.988 ; gain = 499.199
---------------------------------------------------------------------------------

Report RTL Partitions: 
+-+--------------+------------+----------+
| |RTL Partition |Replication |Instances |
+-+--------------+------------+----------+
+-+--------------+------------+----------+
---------------------------------------------------------------------------------
Start IO Insertion
---------------------------------------------------------------------------------
---------------------------------------------------------------------------------
Start Flattening Before IO Insertion
---------------------------------------------------------------------------------
---------------------------------------------------------------------------------
Finished Flattening Before IO Insertion
---------------------------------------------------------------------------------
---------------------------------------------------------------------------------
Start Final Netlist Cleanup
---------------------------------------------------------------------------------
---------------------------------------------------------------------------------
Finished Final Netlist Cleanup
---------------------------------------------------------------------------------
---------------------------------------------------------------------------------
Finished IO Insertion : Time (s): cpu = 00:00:19 ; elapsed = 00:00:21 . Memory (MB): peak = 842.988 ; gain = 499.199
---------------------------------------------------------------------------------

Report Check Netlist: 
+------+------------------+-------+---------+-------+------------------+
|      |Item              |Errors |Warnings |Status |Description       |
+------+------------------+-------+---------+-------+------------------+
|1     |multi_driven_nets |      0|        0|Passed |Multi driven nets |
+------+------------------+-------+---------+-------+------------------+
---------------------------------------------------------------------------------
Start Renaming Generated Instances
---------------------------------------------------------------------------------
---------------------------------------------------------------------------------
Finished Renaming Generated Instances : Time (s): cpu = 00:00:19 ; elapsed = 00:00:21 . Memory (MB): peak = 842.988 ; gain = 499.199
---------------------------------------------------------------------------------

Report RTL Partitions: 
+-+--------------+------------+----------+
| |RTL Partition |Replication |Instances |
+-+--------------+------------+----------+
+-+--------------+------------+----------+
---------------------------------------------------------------------------------
Start Rebuilding User Hierarchy
---------------------------------------------------------------------------------
---------------------------------------------------------------------------------
Finished Rebuilding User Hierarchy : Time (s): cpu = 00:00:19 ; elapsed = 00:00:21 . Memory (MB): peak = 842.988 ; gain = 499.199
---------------------------------------------------------------------------------
---------------------------------------------------------------------------------
Start Renaming Generated Ports
---------------------------------------------------------------------------------
---------------------------------------------------------------------------------
Finished Renaming Generated Ports : Time (s): cpu = 00:00:19 ; elapsed = 00:00:21 . Memory (MB): peak = 842.988 ; gain = 499.199
---------------------------------------------------------------------------------
---------------------------------------------------------------------------------
Start Handling Custom Attributes
---------------------------------------------------------------------------------
---------------------------------------------------------------------------------
Finished Handling Custom Attributes : Time (s): cpu = 00:00:19 ; elapsed = 00:00:21 . Memory (MB): peak = 842.988 ; gain = 499.199
---------------------------------------------------------------------------------
---------------------------------------------------------------------------------
Start Renaming Generated Nets
---------------------------------------------------------------------------------
---------------------------------------------------------------------------------
Finished Renaming Generated Nets : Time (s): cpu = 00:00:19 ; elapsed = 00:00:21 . Memory (MB): peak = 842.988 ; gain = 499.199
---------------------------------------------------------------------------------
---------------------------------------------------------------------------------
Start Writing Synthesis Report
---------------------------------------------------------------------------------

Report BlackBoxes: 
+-+--------------+----------+
| |BlackBox name |Instances |
+-+--------------+----------+
+-+--------------+----------+

Report Cell Usage: 
+------+-------+------+
|      |Cell   |Count |
+------+-------+------+
|1     |BUFG   |     1|
|2     |CARRY4 |     6|
|3     |LUT1   |     4|
|4     |LUT2   |     4|
|5     |LUT3   |    11|
|6     |LUT4   |    14|
|7     |LUT5   |    12|
|8     |LUT6   |    55|
|9     |FDCE   |    56|
|10    |FDPE   |     8|
|11    |FDRE   |     1|
|12    |IBUF   |     2|
|13    |OBUF   |    14|
+------+-------+------+

Report Instance Areas: 
+------+----------------+--------------+------+
|      |Instance        |Module        |Cells |
+------+----------------+--------------+------+
|1     |top             |              |   188|
|2     |  Diviseur      |ClkDiv        |     4|
|3     |  Moving_colors |Moving_Colors |   102|
|4     |    mondiv      |clk20Hz       |    57|
|5     |  VGA           |VGA_4bits     |    65|
+------+----------------+--------------+------+
---------------------------------------------------------------------------------
Finished Writing Synthesis Report : Time (s): cpu = 00:00:19 ; elapsed = 00:00:21 . Memory (MB): peak = 842.988 ; gain = 499.199
---------------------------------------------------------------------------------
Synthesis finished with 0 errors, 0 critical warnings and 0 warnings.
Synthesis Optimization Runtime : Time (s): cpu = 00:00:11 ; elapsed = 00:00:15 . Memory (MB): peak = 842.988 ; gain = 173.754
Synthesis Optimization Complete : Time (s): cpu = 00:00:19 ; elapsed = 00:00:22 . Memory (MB): peak = 842.988 ; gain = 499.199
INFO: [Project 1-571] Translating synthesized netlist
INFO: [Netlist 29-17] Analyzing 6 Unisim elements for replacement
INFO: [Netlist 29-28] Unisim Transformation completed in 0 CPU seconds
INFO: [Project 1-570] Preparing netlist for logic optimization
INFO: [Opt 31-138] Pushed 0 inverter(s) to 0 load pin(s).
Netlist sorting complete. Time (s): cpu = 00:00:00 ; elapsed = 00:00:00 . Memory (MB): peak = 842.988 ; gain = 0.000
INFO: [Project 1-111] Unisim Transformation Summary:
No Unisim elements were transformed.

INFO: [Common 17-83] Releasing license: Synthesis
32 Infos, 1 Warnings, 0 Critical Warnings and 0 Errors encountered.
synth_design completed successfully
synth_design: Time (s): cpu = 00:00:21 ; elapsed = 00:00:24 . Memory (MB): peak = 842.988 ; gain = 512.266
Netlist sorting complete. Time (s): cpu = 00:00:00 ; elapsed = 00:00:00 . Memory (MB): peak = 842.988 ; gain = 0.000
WARNING: [Constraints 18-5210] No constraints selected for write.
Resolution: This message can indicate that there are no constraints for the design, or it can indicate that the used_in flags are set such that the constraints are ignored. This later case is used when running synth_design to not write synthesis constraints to the resulting checkpoint. Instead, project constraints are read when the synthesized design is opened.
INFO: [Common 17-1381] The checkpoint 'C:/Users/heraz/Desktop/CasseBrique/Tache1/Tache1.runs/synth_1/Top.dcp' has been generated.
INFO: [runtcl-4] Executing : report_utilization -file Top_utilization_synth.rpt -pb Top_utilization_synth.pb
INFO: [Common 17-206] Exiting Vivado at Fri Dec  5 16:17:54 2025...
