Copyright 1986-2018 Xilinx, Inc. All Rights Reserved.
-----------------------------------------------------------------------------------------------------------------------------------------------------------------
| Tool Version : Vivado v.2018.3 (win64) Build 2405991 Thu Dec  6 23:38:27 MST 2018
| Date         : Fri Dec  5 18:46:45 2025
| Host         : WALID running 64-bit major release  (build 9200)
| Command      : report_methodology -file top_baxys_methodology_drc_routed.rpt -pb top_baxys_methodology_drc_routed.pb -rpx top_baxys_methodology_drc_routed.rpx
| Design       : top_baxys
| Device       : xc7a35tcpg236-1
| Speed File   : -1
| Design State : Fully Routed
-----------------------------------------------------------------------------------------------------------------------------------------------------------------

Report Methodology

Table of Contents
-----------------
1. REPORT SUMMARY
2. REPORT DETAILS

1. REPORT SUMMARY
-----------------
            Netlist: netlist
          Floorplan: design_1
      Design limits: <entire design considered>
             Max violations: <unlimited>
             Violations found: 353
+-----------+----------+-------------------------------+------------+
| Rule      | Severity | Description                   | Violations |
+-----------+----------+-------------------------------+------------+
| LUTAR-1   | Warning  | LUT drives async reset alert  | 1          |
| TIMING-17 | Warning  | Non-clocked sequential cell   | 350        |
| TIMING-18 | Warning  | Missing input or output delay | 2          |
+-----------+----------+-------------------------------+------------+

2. REPORT DETAILS
-----------------
LUTAR-1#1 Warning
LUT drives async reset alert  
LUT cell obj_ctrl/ball_ctrl/Clk2_i_2, with 2 or more inputs, drives asynchronous preset/clear pin(s) clk25Hz/CPT_25_reg[0]/CLR, clk25Hz/CPT_25_reg[10]/CLR, clk25Hz/CPT_25_reg[11]/CLR, clk25Hz/CPT_25_reg[12]/CLR, clk25Hz/CPT_25_reg[13]/CLR, clk25Hz/CPT_25_reg[14]/CLR, clk25Hz/CPT_25_reg[15]/CLR, clk25Hz/CPT_25_reg[16]/CLR, clk25Hz/CPT_25_reg[17]/CLR, clk25Hz/CPT_25_reg[18]/CLR, clk25Hz/CPT_25_reg[19]/CLR, clk25Hz/CPT_25_reg[1]/CLR, clk25Hz/CPT_25_reg[20]/CLR, clk25Hz/CPT_25_reg[2]/CLR, clk25Hz/CPT_25_reg[3]/CLR (the first 15 of 241 listed). The LUT may glitch and trigger an unexpected reset, even if it is a properly timed path.
Related violations: <none>

TIMING-17#1 Warning
Non-clocked sequential cell  
The clock pin ColorGen/b_reg[0]/C is not reached by a timing clock
Related violations: <none>

TIMING-17#2 Warning
Non-clocked sequential cell  
The clock pin ColorGen/b_reg[1]/C is not reached by a timing clock
Related violations: <none>

TIMING-17#3 Warning
Non-clocked sequential cell  
The clock pin ColorGen/b_reg[2]/C is not reached by a timing clock
Related violations: <none>

TIMING-17#4 Warning
Non-clocked sequential cell  
The clock pin ColorGen/b_reg[3]/C is not reached by a timing clock
Related violations: <none>

TIMING-17#5 Warning
Non-clocked sequential cell  
The clock pin ColorGen/b_reg[4]/C is not reached by a timing clock
Related violations: <none>

TIMING-17#6 Warning
Non-clocked sequential cell  
The clock pin ColorGen/g_reg[0]/C is not reached by a timing clock
Related violations: <none>

TIMING-17#7 Warning
Non-clocked sequential cell  
The clock pin ColorGen/g_reg[1]/C is not reached by a timing clock
Related violations: <none>

TIMING-17#8 Warning
Non-clocked sequential cell  
The clock pin ColorGen/g_reg[2]/C is not reached by a timing clock
Related violations: <none>

TIMING-17#9 Warning
Non-clocked sequential cell  
The clock pin ColorGen/g_reg[3]/C is not reached by a timing clock
Related violations: <none>

TIMING-17#10 Warning
Non-clocked sequential cell  
The clock pin ColorGen/g_reg[4]/C is not reached by a timing clock
Related violations: <none>

TIMING-17#11 Warning
Non-clocked sequential cell  
The clock pin ColorGen/r_reg[0]/C is not reached by a timing clock
Related violations: <none>

TIMING-17#12 Warning
Non-clocked sequential cell  
The clock pin ColorGen/r_reg[1]/C is not reached by a timing clock
Related violations: <none>

TIMING-17#13 Warning
Non-clocked sequential cell  
The clock pin ColorGen/r_reg[2]/C is not reached by a timing clock
Related violations: <none>

TIMING-17#14 Warning
Non-clocked sequential cell  
The clock pin ColorGen/r_reg[3]/C is not reached by a timing clock
Related violations: <none>

TIMING-17#15 Warning
Non-clocked sequential cell  
The clock pin ColorGen/r_reg[4]/C is not reached by a timing clock
Related violations: <none>

TIMING-17#16 Warning
Non-clocked sequential cell  
The clock pin accelero_mgr/accelero/ACCEL_Y_SUM_reg[0]/C is not reached by a timing clock
Related violations: <none>

TIMING-17#17 Warning
Non-clocked sequential cell  
The clock pin accelero_mgr/accelero/ACCEL_Y_SUM_reg[10]/C is not reached by a timing clock
Related violations: <none>

TIMING-17#18 Warning
Non-clocked sequential cell  
The clock pin accelero_mgr/accelero/ACCEL_Y_SUM_reg[11]/C is not reached by a timing clock
Related violations: <none>

TIMING-17#19 Warning
Non-clocked sequential cell  
The clock pin accelero_mgr/accelero/ACCEL_Y_SUM_reg[12]/C is not reached by a timing clock
Related violations: <none>

TIMING-17#20 Warning
Non-clocked sequential cell  
The clock pin accelero_mgr/accelero/ACCEL_Y_SUM_reg[13]/C is not reached by a timing clock
Related violations: <none>

TIMING-17#21 Warning
Non-clocked sequential cell  
The clock pin accelero_mgr/accelero/ACCEL_Y_SUM_reg[14]/C is not reached by a timing clock
Related violations: <none>

TIMING-17#22 Warning
Non-clocked sequential cell  
The clock pin accelero_mgr/accelero/ACCEL_Y_SUM_reg[15]/C is not reached by a timing clock
Related violations: <none>

TIMING-17#23 Warning
Non-clocked sequential cell  
The clock pin accelero_mgr/accelero/ACCEL_Y_SUM_reg[1]/C is not reached by a timing clock
Related violations: <none>

TIMING-17#24 Warning
Non-clocked sequential cell  
The clock pin accelero_mgr/accelero/ACCEL_Y_SUM_reg[2]/C is not reached by a timing clock
Related violations: <none>

TIMING-17#25 Warning
Non-clocked sequential cell  
The clock pin accelero_mgr/accelero/ACCEL_Y_SUM_reg[3]/C is not reached by a timing clock
Related violations: <none>

TIMING-17#26 Warning
Non-clocked sequential cell  
The clock pin accelero_mgr/accelero/ACCEL_Y_SUM_reg[4]/C is not reached by a timing clock
Related violations: <none>

TIMING-17#27 Warning
Non-clocked sequential cell  
The clock pin accelero_mgr/accelero/ACCEL_Y_SUM_reg[5]/C is not reached by a timing clock
Related violations: <none>

TIMING-17#28 Warning
Non-clocked sequential cell  
The clock pin accelero_mgr/accelero/ACCEL_Y_SUM_reg[6]/C is not reached by a timing clock
Related violations: <none>

TIMING-17#29 Warning
Non-clocked sequential cell  
The clock pin accelero_mgr/accelero/ACCEL_Y_SUM_reg[7]/C is not reached by a timing clock
Related violations: <none>

TIMING-17#30 Warning
Non-clocked sequential cell  
The clock pin accelero_mgr/accelero/ACCEL_Y_SUM_reg[8]/C is not reached by a timing clock
Related violations: <none>

TIMING-17#31 Warning
Non-clocked sequential cell  
The clock pin accelero_mgr/accelero/ACCEL_Y_SUM_reg[9]/C is not reached by a timing clock
Related violations: <none>

TIMING-17#32 Warning
Non-clocked sequential cell  
The clock pin accelero_mgr/accelero/ACCEL_Y_reg[10]/C is not reached by a timing clock
Related violations: <none>

TIMING-17#33 Warning
Non-clocked sequential cell  
The clock pin accelero_mgr/accelero/ACCEL_Y_reg[11]/C is not reached by a timing clock
Related violations: <none>

TIMING-17#34 Warning
Non-clocked sequential cell  
The clock pin accelero_mgr/accelero/ACCEL_Y_reg[8]/C is not reached by a timing clock
Related violations: <none>

TIMING-17#35 Warning
Non-clocked sequential cell  
The clock pin accelero_mgr/accelero/ACCEL_Y_reg[9]/C is not reached by a timing clock
Related violations: <none>

TIMING-17#36 Warning
Non-clocked sequential cell  
The clock pin accelero_mgr/accelero/Cmd_Reg_Data_Addr_reg[0]/C is not reached by a timing clock
Related violations: <none>

TIMING-17#37 Warning
Non-clocked sequential cell  
The clock pin accelero_mgr/accelero/Cmd_Reg_Data_Addr_reg[1]/C is not reached by a timing clock
Related violations: <none>

TIMING-17#38 Warning
Non-clocked sequential cell  
The clock pin accelero_mgr/accelero/Cmd_Reg_reg[0][1]/C is not reached by a timing clock
Related violations: <none>

TIMING-17#39 Warning
Non-clocked sequential cell  
The clock pin accelero_mgr/accelero/Cmd_Reg_reg[0][2]/C is not reached by a timing clock
Related violations: <none>

TIMING-17#40 Warning
Non-clocked sequential cell  
The clock pin accelero_mgr/accelero/Cmd_Reg_reg[0][4]/C is not reached by a timing clock
Related violations: <none>

TIMING-17#41 Warning
Non-clocked sequential cell  
The clock pin accelero_mgr/accelero/Cmd_Reg_reg[0][6]/C is not reached by a timing clock
Related violations: <none>

TIMING-17#42 Warning
Non-clocked sequential cell  
The clock pin accelero_mgr/accelero/Cmd_Reg_reg[1][0]/C is not reached by a timing clock
Related violations: <none>

TIMING-17#43 Warning
Non-clocked sequential cell  
The clock pin accelero_mgr/accelero/Cmd_Reg_reg[1][1]/C is not reached by a timing clock
Related violations: <none>

TIMING-17#44 Warning
Non-clocked sequential cell  
The clock pin accelero_mgr/accelero/Cmd_Reg_reg[1][2]/C is not reached by a timing clock
Related violations: <none>

TIMING-17#45 Warning
Non-clocked sequential cell  
The clock pin accelero_mgr/accelero/Cmd_Reg_reg[1][3]/C is not reached by a timing clock
Related violations: <none>

TIMING-17#46 Warning
Non-clocked sequential cell  
The clock pin accelero_mgr/accelero/Cmd_Reg_reg[1][4]/C is not reached by a timing clock
Related violations: <none>

TIMING-17#47 Warning
Non-clocked sequential cell  
The clock pin accelero_mgr/accelero/Cmd_Reg_reg[1][5]/C is not reached by a timing clock
Related violations: <none>

TIMING-17#48 Warning
Non-clocked sequential cell  
The clock pin accelero_mgr/accelero/Cmd_Reg_reg[1][6]/C is not reached by a timing clock
Related violations: <none>

TIMING-17#49 Warning
Non-clocked sequential cell  
The clock pin accelero_mgr/accelero/Cmd_Reg_reg[2][0]/C is not reached by a timing clock
Related violations: <none>

TIMING-17#50 Warning
Non-clocked sequential cell  
The clock pin accelero_mgr/accelero/Cmd_Reg_reg[2][1]/C is not reached by a timing clock
Related violations: <none>

TIMING-17#51 Warning
Non-clocked sequential cell  
The clock pin accelero_mgr/accelero/Cmd_Reg_reg[2][2]/C is not reached by a timing clock
Related violations: <none>

TIMING-17#52 Warning
Non-clocked sequential cell  
The clock pin accelero_mgr/accelero/Cmd_Reg_reg[2][3]/C is not reached by a timing clock
Related violations: <none>

TIMING-17#53 Warning
Non-clocked sequential cell  
The clock pin accelero_mgr/accelero/Cmd_Reg_reg[2][4]/C is not reached by a timing clock
Related violations: <none>

TIMING-17#54 Warning
Non-clocked sequential cell  
The clock pin accelero_mgr/accelero/Cmd_Reg_reg[2][5]/C is not reached by a timing clock
Related violations: <none>

TIMING-17#55 Warning
Non-clocked sequential cell  
The clock pin accelero_mgr/accelero/Cmd_Reg_reg[2][6]/C is not reached by a timing clock
Related violations: <none>

TIMING-17#56 Warning
Non-clocked sequential cell  
The clock pin accelero_mgr/accelero/Cnt_Bytes_Rec_reg[0]/C is not reached by a timing clock
Related violations: <none>

TIMING-17#57 Warning
Non-clocked sequential cell  
The clock pin accelero_mgr/accelero/Cnt_Bytes_Rec_reg[1]/C is not reached by a timing clock
Related violations: <none>

TIMING-17#58 Warning
Non-clocked sequential cell  
The clock pin accelero_mgr/accelero/Cnt_Bytes_Rec_reg[2]/C is not reached by a timing clock
Related violations: <none>

TIMING-17#59 Warning
Non-clocked sequential cell  
The clock pin accelero_mgr/accelero/Cnt_Bytes_Sent_reg[0]/C is not reached by a timing clock
Related violations: <none>

TIMING-17#60 Warning
Non-clocked sequential cell  
The clock pin accelero_mgr/accelero/Cnt_Bytes_Sent_reg[1]/C is not reached by a timing clock
Related violations: <none>

TIMING-17#61 Warning
Non-clocked sequential cell  
The clock pin accelero_mgr/accelero/Cnt_Num_Reads_reg[0]/C is not reached by a timing clock
Related violations: <none>

TIMING-17#62 Warning
Non-clocked sequential cell  
The clock pin accelero_mgr/accelero/Cnt_Num_Reads_reg[1]/C is not reached by a timing clock
Related violations: <none>

TIMING-17#63 Warning
Non-clocked sequential cell  
The clock pin accelero_mgr/accelero/Cnt_Num_Reads_reg[2]/C is not reached by a timing clock
Related violations: <none>

TIMING-17#64 Warning
Non-clocked sequential cell  
The clock pin accelero_mgr/accelero/Cnt_Num_Reads_reg[3]/C is not reached by a timing clock
Related violations: <none>

TIMING-17#65 Warning
Non-clocked sequential cell  
The clock pin accelero_mgr/accelero/Cnt_SS_Inactive_reg[0]/C is not reached by a timing clock
Related violations: <none>

TIMING-17#66 Warning
Non-clocked sequential cell  
The clock pin accelero_mgr/accelero/Cnt_SS_Inactive_reg[1]/C is not reached by a timing clock
Related violations: <none>

TIMING-17#67 Warning
Non-clocked sequential cell  
The clock pin accelero_mgr/accelero/Cnt_SS_Inactive_reg[2]/C is not reached by a timing clock
Related violations: <none>

TIMING-17#68 Warning
Non-clocked sequential cell  
The clock pin accelero_mgr/accelero/Cnt_SS_Inactive_reg[3]/C is not reached by a timing clock
Related violations: <none>

TIMING-17#69 Warning
Non-clocked sequential cell  
The clock pin accelero_mgr/accelero/Cnt_SS_Inactive_reg[4]/C is not reached by a timing clock
Related violations: <none>

TIMING-17#70 Warning
Non-clocked sequential cell  
The clock pin accelero_mgr/accelero/Cnt_SS_Inactive_reg[5]/C is not reached by a timing clock
Related violations: <none>

TIMING-17#71 Warning
Non-clocked sequential cell  
The clock pin accelero_mgr/accelero/Cnt_SS_Inactive_reg[6]/C is not reached by a timing clock
Related violations: <none>

TIMING-17#72 Warning
Non-clocked sequential cell  
The clock pin accelero_mgr/accelero/Cnt_SS_Inactive_reg[7]/C is not reached by a timing clock
Related violations: <none>

TIMING-17#73 Warning
Non-clocked sequential cell  
The clock pin accelero_mgr/accelero/Cnt_SS_Inactive_reg[8]/C is not reached by a timing clock
Related violations: <none>

TIMING-17#74 Warning
Non-clocked sequential cell  
The clock pin accelero_mgr/accelero/Cnt_SS_Inactive_reg[9]/C is not reached by a timing clock
Related violations: <none>

TIMING-17#75 Warning
Non-clocked sequential cell  
The clock pin accelero_mgr/accelero/D_Send_reg[0]/C is not reached by a timing clock
Related violations: <none>

TIMING-17#76 Warning
Non-clocked sequential cell  
The clock pin accelero_mgr/accelero/D_Send_reg[1]/C is not reached by a timing clock
Related violations: <none>

TIMING-17#77 Warning
Non-clocked sequential cell  
The clock pin accelero_mgr/accelero/D_Send_reg[2]/C is not reached by a timing clock
Related violations: <none>

TIMING-17#78 Warning
Non-clocked sequential cell  
The clock pin accelero_mgr/accelero/D_Send_reg[3]/C is not reached by a timing clock
Related violations: <none>

TIMING-17#79 Warning
Non-clocked sequential cell  
The clock pin accelero_mgr/accelero/D_Send_reg[4]/C is not reached by a timing clock
Related violations: <none>

TIMING-17#80 Warning
Non-clocked sequential cell  
The clock pin accelero_mgr/accelero/D_Send_reg[5]/C is not reached by a timing clock
Related violations: <none>

TIMING-17#81 Warning
Non-clocked sequential cell  
The clock pin accelero_mgr/accelero/D_Send_reg[6]/C is not reached by a timing clock
Related violations: <none>

TIMING-17#82 Warning
Non-clocked sequential cell  
The clock pin accelero_mgr/accelero/Data_Reg_reg[0][0]/C is not reached by a timing clock
Related violations: <none>

TIMING-17#83 Warning
Non-clocked sequential cell  
The clock pin accelero_mgr/accelero/Data_Reg_reg[0][7]/C is not reached by a timing clock
Related violations: <none>

TIMING-17#84 Warning
Non-clocked sequential cell  
The clock pin accelero_mgr/accelero/Data_Reg_reg[3][0]_srl3/CLK is not reached by a timing clock
Related violations: <none>

TIMING-17#85 Warning
Non-clocked sequential cell  
The clock pin accelero_mgr/accelero/Data_Reg_reg[3][1]_srl4/CLK is not reached by a timing clock
Related violations: <none>

TIMING-17#86 Warning
Non-clocked sequential cell  
The clock pin accelero_mgr/accelero/Data_Reg_reg[3][2]_srl4/CLK is not reached by a timing clock
Related violations: <none>

TIMING-17#87 Warning
Non-clocked sequential cell  
The clock pin accelero_mgr/accelero/Data_Reg_reg[3][3]_srl4/CLK is not reached by a timing clock
Related violations: <none>

TIMING-17#88 Warning
Non-clocked sequential cell  
The clock pin accelero_mgr/accelero/Data_Reg_reg[3][4]_srl4/CLK is not reached by a timing clock
Related violations: <none>

TIMING-17#89 Warning
Non-clocked sequential cell  
The clock pin accelero_mgr/accelero/Data_Reg_reg[3][5]_srl4/CLK is not reached by a timing clock
Related violations: <none>

TIMING-17#90 Warning
Non-clocked sequential cell  
The clock pin accelero_mgr/accelero/Data_Reg_reg[3][6]_srl4/CLK is not reached by a timing clock
Related violations: <none>

TIMING-17#91 Warning
Non-clocked sequential cell  
The clock pin accelero_mgr/accelero/Data_Reg_reg[3][7]_srl3/CLK is not reached by a timing clock
Related violations: <none>

TIMING-17#92 Warning
Non-clocked sequential cell  
The clock pin accelero_mgr/accelero/Data_Reg_reg[4][0]/C is not reached by a timing clock
Related violations: <none>

TIMING-17#93 Warning
Non-clocked sequential cell  
The clock pin accelero_mgr/accelero/Data_Reg_reg[4][1]/C is not reached by a timing clock
Related violations: <none>

TIMING-17#94 Warning
Non-clocked sequential cell  
The clock pin accelero_mgr/accelero/Data_Reg_reg[4][2]/C is not reached by a timing clock
Related violations: <none>

TIMING-17#95 Warning
Non-clocked sequential cell  
The clock pin accelero_mgr/accelero/Data_Reg_reg[4][3]/C is not reached by a timing clock
Related violations: <none>

TIMING-17#96 Warning
Non-clocked sequential cell  
The clock pin accelero_mgr/accelero/Data_Reg_reg[4][4]/C is not reached by a timing clock
Related violations: <none>

TIMING-17#97 Warning
Non-clocked sequential cell  
The clock pin accelero_mgr/accelero/Data_Reg_reg[4][5]/C is not reached by a timing clock
Related violations: <none>

TIMING-17#98 Warning
Non-clocked sequential cell  
The clock pin accelero_mgr/accelero/Data_Reg_reg[4][6]/C is not reached by a timing clock
Related violations: <none>

TIMING-17#99 Warning
Non-clocked sequential cell  
The clock pin accelero_mgr/accelero/Data_Reg_reg[4][7]/C is not reached by a timing clock
Related violations: <none>

TIMING-17#100 Warning
Non-clocked sequential cell  
The clock pin accelero_mgr/accelero/Data_Reg_reg[5][0]/C is not reached by a timing clock
Related violations: <none>

TIMING-17#101 Warning
Non-clocked sequential cell  
The clock pin accelero_mgr/accelero/Data_Reg_reg[5][1]/C is not reached by a timing clock
Related violations: <none>

TIMING-17#102 Warning
Non-clocked sequential cell  
The clock pin accelero_mgr/accelero/Data_Reg_reg[5][2]/C is not reached by a timing clock
Related violations: <none>

TIMING-17#103 Warning
Non-clocked sequential cell  
The clock pin accelero_mgr/accelero/Data_Reg_reg[5][3]/C is not reached by a timing clock
Related violations: <none>

TIMING-17#104 Warning
Non-clocked sequential cell  
The clock pin accelero_mgr/accelero/Data_Reg_reg[5][4]/C is not reached by a timing clock
Related violations: <none>

TIMING-17#105 Warning
Non-clocked sequential cell  
The clock pin accelero_mgr/accelero/Data_Reg_reg[5][5]/C is not reached by a timing clock
Related violations: <none>

TIMING-17#106 Warning
Non-clocked sequential cell  
The clock pin accelero_mgr/accelero/Data_Reg_reg[5][6]/C is not reached by a timing clock
Related violations: <none>

TIMING-17#107 Warning
Non-clocked sequential cell  
The clock pin accelero_mgr/accelero/Data_Reg_reg[5][7]/C is not reached by a timing clock
Related violations: <none>

TIMING-17#108 Warning
Non-clocked sequential cell  
The clock pin accelero_mgr/accelero/FSM_sequential_StC_Adxl_Ctrl_reg[0]/C is not reached by a timing clock
Related violations: <none>

TIMING-17#109 Warning
Non-clocked sequential cell  
The clock pin accelero_mgr/accelero/FSM_sequential_StC_Adxl_Ctrl_reg[1]/C is not reached by a timing clock
Related violations: <none>

TIMING-17#110 Warning
Non-clocked sequential cell  
The clock pin accelero_mgr/accelero/FSM_sequential_StC_Adxl_Ctrl_reg[2]/C is not reached by a timing clock
Related violations: <none>

TIMING-17#111 Warning
Non-clocked sequential cell  
The clock pin accelero_mgr/accelero/FSM_sequential_StC_Adxl_Ctrl_reg[3]/C is not reached by a timing clock
Related violations: <none>

TIMING-17#112 Warning
Non-clocked sequential cell  
The clock pin accelero_mgr/accelero/FSM_sequential_StC_Spi_SendRec_reg[0]/C is not reached by a timing clock
Related violations: <none>

TIMING-17#113 Warning
Non-clocked sequential cell  
The clock pin accelero_mgr/accelero/FSM_sequential_StC_Spi_SendRec_reg[1]/C is not reached by a timing clock
Related violations: <none>

TIMING-17#114 Warning
Non-clocked sequential cell  
The clock pin accelero_mgr/accelero/FSM_sequential_StC_Spi_SendRec_reg[2]/C is not reached by a timing clock
Related violations: <none>

TIMING-17#115 Warning
Non-clocked sequential cell  
The clock pin accelero_mgr/accelero/FSM_sequential_StC_Spi_Trans_reg[0]/C is not reached by a timing clock
Related violations: <none>

TIMING-17#116 Warning
Non-clocked sequential cell  
The clock pin accelero_mgr/accelero/FSM_sequential_StC_Spi_Trans_reg[1]/C is not reached by a timing clock
Related violations: <none>

TIMING-17#117 Warning
Non-clocked sequential cell  
The clock pin accelero_mgr/accelero/FSM_sequential_StC_Spi_Trans_reg[2]/C is not reached by a timing clock
Related violations: <none>

TIMING-17#118 Warning
Non-clocked sequential cell  
The clock pin accelero_mgr/accelero/SPI_Interface/CntBits_reg[0]/C is not reached by a timing clock
Related violations: <none>

TIMING-17#119 Warning
Non-clocked sequential cell  
The clock pin accelero_mgr/accelero/SPI_Interface/CntBits_reg[1]/C is not reached by a timing clock
Related violations: <none>

TIMING-17#120 Warning
Non-clocked sequential cell  
The clock pin accelero_mgr/accelero/SPI_Interface/CntBits_reg[2]/C is not reached by a timing clock
Related violations: <none>

TIMING-17#121 Warning
Non-clocked sequential cell  
The clock pin accelero_mgr/accelero/SPI_Interface/DONE_1_reg/C is not reached by a timing clock
Related violations: <none>

TIMING-17#122 Warning
Non-clocked sequential cell  
The clock pin accelero_mgr/accelero/SPI_Interface/Done_reg/C is not reached by a timing clock
Related violations: <none>

TIMING-17#123 Warning
Non-clocked sequential cell  
The clock pin accelero_mgr/accelero/SPI_Interface/Dout_reg[0]/C is not reached by a timing clock
Related violations: <none>

TIMING-17#124 Warning
Non-clocked sequential cell  
The clock pin accelero_mgr/accelero/SPI_Interface/Dout_reg[1]/C is not reached by a timing clock
Related violations: <none>

TIMING-17#125 Warning
Non-clocked sequential cell  
The clock pin accelero_mgr/accelero/SPI_Interface/Dout_reg[2]/C is not reached by a timing clock
Related violations: <none>

TIMING-17#126 Warning
Non-clocked sequential cell  
The clock pin accelero_mgr/accelero/SPI_Interface/Dout_reg[3]/C is not reached by a timing clock
Related violations: <none>

TIMING-17#127 Warning
Non-clocked sequential cell  
The clock pin accelero_mgr/accelero/SPI_Interface/Dout_reg[4]/C is not reached by a timing clock
Related violations: <none>

TIMING-17#128 Warning
Non-clocked sequential cell  
The clock pin accelero_mgr/accelero/SPI_Interface/Dout_reg[5]/C is not reached by a timing clock
Related violations: <none>

TIMING-17#129 Warning
Non-clocked sequential cell  
The clock pin accelero_mgr/accelero/SPI_Interface/Dout_reg[6]/C is not reached by a timing clock
Related violations: <none>

TIMING-17#130 Warning
Non-clocked sequential cell  
The clock pin accelero_mgr/accelero/SPI_Interface/Dout_reg[7]/C is not reached by a timing clock
Related violations: <none>

TIMING-17#131 Warning
Non-clocked sequential cell  
The clock pin accelero_mgr/accelero/SPI_Interface/FSM_sequential_StC_reg[0]/C is not reached by a timing clock
Related violations: <none>

TIMING-17#132 Warning
Non-clocked sequential cell  
The clock pin accelero_mgr/accelero/SPI_Interface/FSM_sequential_StC_reg[1]/C is not reached by a timing clock
Related violations: <none>

TIMING-17#133 Warning
Non-clocked sequential cell  
The clock pin accelero_mgr/accelero/SPI_Interface/MISO_REG_reg[0]/C is not reached by a timing clock
Related violations: <none>

TIMING-17#134 Warning
Non-clocked sequential cell  
The clock pin accelero_mgr/accelero/SPI_Interface/MISO_REG_reg[1]/C is not reached by a timing clock
Related violations: <none>

TIMING-17#135 Warning
Non-clocked sequential cell  
The clock pin accelero_mgr/accelero/SPI_Interface/MISO_REG_reg[2]/C is not reached by a timing clock
Related violations: <none>

TIMING-17#136 Warning
Non-clocked sequential cell  
The clock pin accelero_mgr/accelero/SPI_Interface/MISO_REG_reg[3]/C is not reached by a timing clock
Related violations: <none>

TIMING-17#137 Warning
Non-clocked sequential cell  
The clock pin accelero_mgr/accelero/SPI_Interface/MISO_REG_reg[4]/C is not reached by a timing clock
Related violations: <none>

TIMING-17#138 Warning
Non-clocked sequential cell  
The clock pin accelero_mgr/accelero/SPI_Interface/MISO_REG_reg[5]/C is not reached by a timing clock
Related violations: <none>

TIMING-17#139 Warning
Non-clocked sequential cell  
The clock pin accelero_mgr/accelero/SPI_Interface/MISO_REG_reg[6]/C is not reached by a timing clock
Related violations: <none>

TIMING-17#140 Warning
Non-clocked sequential cell  
The clock pin accelero_mgr/accelero/SPI_Interface/MISO_REG_reg[7]/C is not reached by a timing clock
Related violations: <none>

TIMING-17#141 Warning
Non-clocked sequential cell  
The clock pin accelero_mgr/accelero/SPI_Interface/MOSI_REG_reg[0]/C is not reached by a timing clock
Related violations: <none>

TIMING-17#142 Warning
Non-clocked sequential cell  
The clock pin accelero_mgr/accelero/SPI_Interface/MOSI_REG_reg[1]/C is not reached by a timing clock
Related violations: <none>

TIMING-17#143 Warning
Non-clocked sequential cell  
The clock pin accelero_mgr/accelero/SPI_Interface/MOSI_REG_reg[2]/C is not reached by a timing clock
Related violations: <none>

TIMING-17#144 Warning
Non-clocked sequential cell  
The clock pin accelero_mgr/accelero/SPI_Interface/MOSI_REG_reg[3]/C is not reached by a timing clock
Related violations: <none>

TIMING-17#145 Warning
Non-clocked sequential cell  
The clock pin accelero_mgr/accelero/SPI_Interface/MOSI_REG_reg[4]/C is not reached by a timing clock
Related violations: <none>

TIMING-17#146 Warning
Non-clocked sequential cell  
The clock pin accelero_mgr/accelero/SPI_Interface/MOSI_REG_reg[5]/C is not reached by a timing clock
Related violations: <none>

TIMING-17#147 Warning
Non-clocked sequential cell  
The clock pin accelero_mgr/accelero/SPI_Interface/MOSI_REG_reg[6]/C is not reached by a timing clock
Related violations: <none>

TIMING-17#148 Warning
Non-clocked sequential cell  
The clock pin accelero_mgr/accelero/SPI_Interface/MOSI_REG_reg[7]/C is not reached by a timing clock
Related violations: <none>

TIMING-17#149 Warning
Non-clocked sequential cell  
The clock pin accelero_mgr/accelero/SPI_Interface/SCLK_2X_DIV_reg[0]/C is not reached by a timing clock
Related violations: <none>

TIMING-17#150 Warning
Non-clocked sequential cell  
The clock pin accelero_mgr/accelero/SPI_Interface/SCLK_2X_DIV_reg[1]/C is not reached by a timing clock
Related violations: <none>

TIMING-17#151 Warning
Non-clocked sequential cell  
The clock pin accelero_mgr/accelero/SPI_Interface/SCLK_2X_DIV_reg[2]/C is not reached by a timing clock
Related violations: <none>

TIMING-17#152 Warning
Non-clocked sequential cell  
The clock pin accelero_mgr/accelero/SPI_Interface/SCLK_2X_DIV_reg[3]/C is not reached by a timing clock
Related violations: <none>

TIMING-17#153 Warning
Non-clocked sequential cell  
The clock pin accelero_mgr/accelero/SPI_Interface/SCLK_2X_DIV_reg[4]/C is not reached by a timing clock
Related violations: <none>

TIMING-17#154 Warning
Non-clocked sequential cell  
The clock pin accelero_mgr/accelero/SPI_Interface/SCLK_2X_DIV_reg[5]/C is not reached by a timing clock
Related violations: <none>

TIMING-17#155 Warning
Non-clocked sequential cell  
The clock pin accelero_mgr/accelero/SPI_Interface/SCLK_INT_reg/C is not reached by a timing clock
Related violations: <none>

TIMING-17#156 Warning
Non-clocked sequential cell  
The clock pin accelero_mgr/accelero/SPI_RnW_reg/C is not reached by a timing clock
Related violations: <none>

TIMING-17#157 Warning
Non-clocked sequential cell  
The clock pin accelero_mgr/accelero/Sample_Rate_Div_reg[0]/C is not reached by a timing clock
Related violations: <none>

TIMING-17#158 Warning
Non-clocked sequential cell  
The clock pin accelero_mgr/accelero/Sample_Rate_Div_reg[10]/C is not reached by a timing clock
Related violations: <none>

TIMING-17#159 Warning
Non-clocked sequential cell  
The clock pin accelero_mgr/accelero/Sample_Rate_Div_reg[11]/C is not reached by a timing clock
Related violations: <none>

TIMING-17#160 Warning
Non-clocked sequential cell  
The clock pin accelero_mgr/accelero/Sample_Rate_Div_reg[12]/C is not reached by a timing clock
Related violations: <none>

TIMING-17#161 Warning
Non-clocked sequential cell  
The clock pin accelero_mgr/accelero/Sample_Rate_Div_reg[13]/C is not reached by a timing clock
Related violations: <none>

TIMING-17#162 Warning
Non-clocked sequential cell  
The clock pin accelero_mgr/accelero/Sample_Rate_Div_reg[14]/C is not reached by a timing clock
Related violations: <none>

TIMING-17#163 Warning
Non-clocked sequential cell  
The clock pin accelero_mgr/accelero/Sample_Rate_Div_reg[15]/C is not reached by a timing clock
Related violations: <none>

TIMING-17#164 Warning
Non-clocked sequential cell  
The clock pin accelero_mgr/accelero/Sample_Rate_Div_reg[16]/C is not reached by a timing clock
Related violations: <none>

TIMING-17#165 Warning
Non-clocked sequential cell  
The clock pin accelero_mgr/accelero/Sample_Rate_Div_reg[1]/C is not reached by a timing clock
Related violations: <none>

TIMING-17#166 Warning
Non-clocked sequential cell  
The clock pin accelero_mgr/accelero/Sample_Rate_Div_reg[2]/C is not reached by a timing clock
Related violations: <none>

TIMING-17#167 Warning
Non-clocked sequential cell  
The clock pin accelero_mgr/accelero/Sample_Rate_Div_reg[3]/C is not reached by a timing clock
Related violations: <none>

TIMING-17#168 Warning
Non-clocked sequential cell  
The clock pin accelero_mgr/accelero/Sample_Rate_Div_reg[4]/C is not reached by a timing clock
Related violations: <none>

TIMING-17#169 Warning
Non-clocked sequential cell  
The clock pin accelero_mgr/accelero/Sample_Rate_Div_reg[5]/C is not reached by a timing clock
Related violations: <none>

TIMING-17#170 Warning
Non-clocked sequential cell  
The clock pin accelero_mgr/accelero/Sample_Rate_Div_reg[6]/C is not reached by a timing clock
Related violations: <none>

TIMING-17#171 Warning
Non-clocked sequential cell  
The clock pin accelero_mgr/accelero/Sample_Rate_Div_reg[7]/C is not reached by a timing clock
Related violations: <none>

TIMING-17#172 Warning
Non-clocked sequential cell  
The clock pin accelero_mgr/accelero/Sample_Rate_Div_reg[8]/C is not reached by a timing clock
Related violations: <none>

TIMING-17#173 Warning
Non-clocked sequential cell  
The clock pin accelero_mgr/accelero/Sample_Rate_Div_reg[9]/C is not reached by a timing clock
Related violations: <none>

TIMING-17#174 Warning
Non-clocked sequential cell  
The clock pin accelero_mgr/own_acc_left_reg/C is not reached by a timing clock
Related violations: <none>

TIMING-17#175 Warning
Non-clocked sequential cell  
The clock pin accelero_mgr/own_acc_right_reg/C is not reached by a timing clock
Related violations: <none>

TIMING-17#176 Warning
Non-clocked sequential cell  
The clock pin aff/counter_reg[0]/C is not reached by a timing clock
Related violations: <none>

TIMING-17#177 Warning
Non-clocked sequential cell  
The clock pin aff/counter_reg[10]/C is not reached by a timing clock
Related violations: <none>

TIMING-17#178 Warning
Non-clocked sequential cell  
The clock pin aff/counter_reg[11]/C is not reached by a timing clock
Related violations: <none>

TIMING-17#179 Warning
Non-clocked sequential cell  
The clock pin aff/counter_reg[12]/C is not reached by a timing clock
Related violations: <none>

TIMING-17#180 Warning
Non-clocked sequential cell  
The clock pin aff/counter_reg[13]/C is not reached by a timing clock
Related violations: <none>

TIMING-17#181 Warning
Non-clocked sequential cell  
The clock pin aff/counter_reg[14]/C is not reached by a timing clock
Related violations: <none>

TIMING-17#182 Warning
Non-clocked sequential cell  
The clock pin aff/counter_reg[15]/C is not reached by a timing clock
Related violations: <none>

TIMING-17#183 Warning
Non-clocked sequential cell  
The clock pin aff/counter_reg[16]/C is not reached by a timing clock
Related violations: <none>

TIMING-17#184 Warning
Non-clocked sequential cell  
The clock pin aff/counter_reg[1]/C is not reached by a timing clock
Related violations: <none>

TIMING-17#185 Warning
Non-clocked sequential cell  
The clock pin aff/counter_reg[2]/C is not reached by a timing clock
Related violations: <none>

TIMING-17#186 Warning
Non-clocked sequential cell  
The clock pin aff/counter_reg[3]/C is not reached by a timing clock
Related violations: <none>

TIMING-17#187 Warning
Non-clocked sequential cell  
The clock pin aff/counter_reg[4]/C is not reached by a timing clock
Related violations: <none>

TIMING-17#188 Warning
Non-clocked sequential cell  
The clock pin aff/counter_reg[5]/C is not reached by a timing clock
Related violations: <none>

TIMING-17#189 Warning
Non-clocked sequential cell  
The clock pin aff/counter_reg[6]/C is not reached by a timing clock
Related violations: <none>

TIMING-17#190 Warning
Non-clocked sequential cell  
The clock pin aff/counter_reg[7]/C is not reached by a timing clock
Related violations: <none>

TIMING-17#191 Warning
Non-clocked sequential cell  
The clock pin aff/counter_reg[8]/C is not reached by a timing clock
Related violations: <none>

TIMING-17#192 Warning
Non-clocked sequential cell  
The clock pin aff/counter_reg[9]/C is not reached by a timing clock
Related violations: <none>

TIMING-17#193 Warning
Non-clocked sequential cell  
The clock pin aff/seg_reg[0]/C is not reached by a timing clock
Related violations: <none>

TIMING-17#194 Warning
Non-clocked sequential cell  
The clock pin aff/seg_reg[1]/C is not reached by a timing clock
Related violations: <none>

TIMING-17#195 Warning
Non-clocked sequential cell  
The clock pin aff/seg_reg[2]/C is not reached by a timing clock
Related violations: <none>

TIMING-17#196 Warning
Non-clocked sequential cell  
The clock pin aff/seg_reg[3]/C is not reached by a timing clock
Related violations: <none>

TIMING-17#197 Warning
Non-clocked sequential cell  
The clock pin aff/seg_reg[4]/C is not reached by a timing clock
Related violations: <none>

TIMING-17#198 Warning
Non-clocked sequential cell  
The clock pin aff/seg_reg[5]/C is not reached by a timing clock
Related violations: <none>

TIMING-17#199 Warning
Non-clocked sequential cell  
The clock pin aff/seg_reg[6]/C is not reached by a timing clock
Related violations: <none>

TIMING-17#200 Warning
Non-clocked sequential cell  
The clock pin aff/sel_seg_reg[0]/C is not reached by a timing clock
Related violations: <none>

TIMING-17#201 Warning
Non-clocked sequential cell  
The clock pin aff/sel_seg_reg[1]/C is not reached by a timing clock
Related violations: <none>

TIMING-17#202 Warning
Non-clocked sequential cell  
The clock pin aff/sel_seg_reg[2]/C is not reached by a timing clock
Related violations: <none>

TIMING-17#203 Warning
Non-clocked sequential cell  
The clock pin aff/sel_seg_reg[3]/C is not reached by a timing clock
Related violations: <none>

TIMING-17#204 Warning
Non-clocked sequential cell  
The clock pin buttons/appui_nord_est_reg/C is not reached by a timing clock
Related violations: <none>

TIMING-17#205 Warning
Non-clocked sequential cell  
The clock pin buttons/appui_sud_reg/C is not reached by a timing clock
Related violations: <none>

TIMING-17#206 Warning
Non-clocked sequential cell  
The clock pin buttons/compteur_reg[0]/C is not reached by a timing clock
Related violations: <none>

TIMING-17#207 Warning
Non-clocked sequential cell  
The clock pin buttons/compteur_reg[10]/C is not reached by a timing clock
Related violations: <none>

TIMING-17#208 Warning
Non-clocked sequential cell  
The clock pin buttons/compteur_reg[11]/C is not reached by a timing clock
Related violations: <none>

TIMING-17#209 Warning
Non-clocked sequential cell  
The clock pin buttons/compteur_reg[12]/C is not reached by a timing clock
Related violations: <none>

TIMING-17#210 Warning
Non-clocked sequential cell  
The clock pin buttons/compteur_reg[13]/C is not reached by a timing clock
Related violations: <none>

TIMING-17#211 Warning
Non-clocked sequential cell  
The clock pin buttons/compteur_reg[14]/C is not reached by a timing clock
Related violations: <none>

TIMING-17#212 Warning
Non-clocked sequential cell  
The clock pin buttons/compteur_reg[15]/C is not reached by a timing clock
Related violations: <none>

TIMING-17#213 Warning
Non-clocked sequential cell  
The clock pin buttons/compteur_reg[16]/C is not reached by a timing clock
Related violations: <none>

TIMING-17#214 Warning
Non-clocked sequential cell  
The clock pin buttons/compteur_reg[17]/C is not reached by a timing clock
Related violations: <none>

TIMING-17#215 Warning
Non-clocked sequential cell  
The clock pin buttons/compteur_reg[18]/C is not reached by a timing clock
Related violations: <none>

TIMING-17#216 Warning
Non-clocked sequential cell  
The clock pin buttons/compteur_reg[19]/C is not reached by a timing clock
Related violations: <none>

TIMING-17#217 Warning
Non-clocked sequential cell  
The clock pin buttons/compteur_reg[1]/C is not reached by a timing clock
Related violations: <none>

TIMING-17#218 Warning
Non-clocked sequential cell  
The clock pin buttons/compteur_reg[20]/C is not reached by a timing clock
Related violations: <none>

TIMING-17#219 Warning
Non-clocked sequential cell  
The clock pin buttons/compteur_reg[21]/C is not reached by a timing clock
Related violations: <none>

TIMING-17#220 Warning
Non-clocked sequential cell  
The clock pin buttons/compteur_reg[2]/C is not reached by a timing clock
Related violations: <none>

TIMING-17#221 Warning
Non-clocked sequential cell  
The clock pin buttons/compteur_reg[3]/C is not reached by a timing clock
Related violations: <none>

TIMING-17#222 Warning
Non-clocked sequential cell  
The clock pin buttons/compteur_reg[4]/C is not reached by a timing clock
Related violations: <none>

TIMING-17#223 Warning
Non-clocked sequential cell  
The clock pin buttons/compteur_reg[5]/C is not reached by a timing clock
Related violations: <none>

TIMING-17#224 Warning
Non-clocked sequential cell  
The clock pin buttons/compteur_reg[6]/C is not reached by a timing clock
Related violations: <none>

TIMING-17#225 Warning
Non-clocked sequential cell  
The clock pin buttons/compteur_reg[7]/C is not reached by a timing clock
Related violations: <none>

TIMING-17#226 Warning
Non-clocked sequential cell  
The clock pin buttons/compteur_reg[8]/C is not reached by a timing clock
Related violations: <none>

TIMING-17#227 Warning
Non-clocked sequential cell  
The clock pin buttons/compteur_reg[9]/C is not reached by a timing clock
Related violations: <none>

TIMING-17#228 Warning
Non-clocked sequential cell  
The clock pin buttons/lock_reg/C is not reached by a timing clock
Related violations: <none>

TIMING-17#229 Warning
Non-clocked sequential cell  
The clock pin codeur/codeur/echa_reg/C is not reached by a timing clock
Related violations: <none>

TIMING-17#230 Warning
Non-clocked sequential cell  
The clock pin codeur/codeur/echb_reg/C is not reached by a timing clock
Related violations: <none>

TIMING-17#231 Warning
Non-clocked sequential cell  
The clock pin codeur/codeur/qa_reg/C is not reached by a timing clock
Related violations: <none>

TIMING-17#232 Warning
Non-clocked sequential cell  
The clock pin codeur/codeur/qb_reg/C is not reached by a timing clock
Related violations: <none>

TIMING-17#233 Warning
Non-clocked sequential cell  
The clock pin codeur/rotation/FSM_sequential_EP_reg[0]/C is not reached by a timing clock
Related violations: <none>

TIMING-17#234 Warning
Non-clocked sequential cell  
The clock pin codeur/rotation/FSM_sequential_EP_reg[1]/C is not reached by a timing clock
Related violations: <none>

TIMING-17#235 Warning
Non-clocked sequential cell  
The clock pin codeur/rotation/FSM_sequential_EP_reg[2]/C is not reached by a timing clock
Related violations: <none>

TIMING-17#236 Warning
Non-clocked sequential cell  
The clock pin game_ctrl/game_select/FSM_sequential_EP_reg[0]/C is not reached by a timing clock
Related violations: <none>

TIMING-17#237 Warning
Non-clocked sequential cell  
The clock pin game_ctrl/game_select/FSM_sequential_EP_reg[1]/C is not reached by a timing clock
Related violations: <none>

TIMING-17#238 Warning
Non-clocked sequential cell  
The clock pin game_ctrl/master_slave_select/FSM_sequential_EP_reg[0]/C is not reached by a timing clock
Related violations: <none>

TIMING-17#239 Warning
Non-clocked sequential cell  
The clock pin game_ctrl/master_slave_select/FSM_sequential_EP_reg[1]/C is not reached by a timing clock
Related violations: <none>

TIMING-17#240 Warning
Non-clocked sequential cell  
The clock pin obj_ctrl/ball_ctrl/inc_type_reg[0]/C is not reached by a timing clock
Related violations: <none>

TIMING-17#241 Warning
Non-clocked sequential cell  
The clock pin obj_ctrl/ball_ctrl/inc_type_reg[1]/C is not reached by a timing clock
Related violations: <none>

TIMING-17#242 Warning
Non-clocked sequential cell  
The clock pin obj_ctrl/ball_ctrl/inc_type_reg[2]/C is not reached by a timing clock
Related violations: <none>

TIMING-17#243 Warning
Non-clocked sequential cell  
The clock pin obj_ctrl/ball_ctrl/inc_type_reg[3]/C is not reached by a timing clock
Related violations: <none>

TIMING-17#244 Warning
Non-clocked sequential cell  
The clock pin obj_ctrl/ball_ctrl/lock_reg/C is not reached by a timing clock
Related violations: <none>

TIMING-17#245 Warning
Non-clocked sequential cell  
The clock pin obj_ctrl/ball_ctrl/pong_bounce_reg[0]/C is not reached by a timing clock
Related violations: <none>

TIMING-17#246 Warning
Non-clocked sequential cell  
The clock pin obj_ctrl/ball_ctrl/pong_bounce_reg[1]/C is not reached by a timing clock
Related violations: <none>

TIMING-17#247 Warning
Non-clocked sequential cell  
The clock pin obj_ctrl/ball_ctrl/tempo_reg[0]/C is not reached by a timing clock
Related violations: <none>

TIMING-17#248 Warning
Non-clocked sequential cell  
The clock pin obj_ctrl/ball_ctrl/tempo_reg[1]/C is not reached by a timing clock
Related violations: <none>

TIMING-17#249 Warning
Non-clocked sequential cell  
The clock pin obj_ctrl/ball_ctrl/tempo_reg[2]/C is not reached by a timing clock
Related violations: <none>

TIMING-17#250 Warning
Non-clocked sequential cell  
The clock pin obj_ctrl/ball_ctrl/tempo_start_reg/C is not reached by a timing clock
Related violations: <none>

TIMING-17#251 Warning
Non-clocked sequential cell  
The clock pin obj_ctrl/ball_ctrl/xball_reg[0]/C is not reached by a timing clock
Related violations: <none>

TIMING-17#252 Warning
Non-clocked sequential cell  
The clock pin obj_ctrl/ball_ctrl/xball_reg[1]/C is not reached by a timing clock
Related violations: <none>

TIMING-17#253 Warning
Non-clocked sequential cell  
The clock pin obj_ctrl/ball_ctrl/xball_reg[2]/C is not reached by a timing clock
Related violations: <none>

TIMING-17#254 Warning
Non-clocked sequential cell  
The clock pin obj_ctrl/ball_ctrl/xball_reg[3]/C is not reached by a timing clock
Related violations: <none>

TIMING-17#255 Warning
Non-clocked sequential cell  
The clock pin obj_ctrl/ball_ctrl/xball_reg[4]/C is not reached by a timing clock
Related violations: <none>

TIMING-17#256 Warning
Non-clocked sequential cell  
The clock pin obj_ctrl/ball_ctrl/xball_reg[5]/C is not reached by a timing clock
Related violations: <none>

TIMING-17#257 Warning
Non-clocked sequential cell  
The clock pin obj_ctrl/ball_ctrl/xball_reg[6]/C is not reached by a timing clock
Related violations: <none>

TIMING-17#258 Warning
Non-clocked sequential cell  
The clock pin obj_ctrl/ball_ctrl/xball_reg[7]/C is not reached by a timing clock
Related violations: <none>

TIMING-17#259 Warning
Non-clocked sequential cell  
The clock pin obj_ctrl/ball_ctrl/xball_reg[8]/C is not reached by a timing clock
Related violations: <none>

TIMING-17#260 Warning
Non-clocked sequential cell  
The clock pin obj_ctrl/ball_ctrl/xball_reg[9]/C is not reached by a timing clock
Related violations: <none>

TIMING-17#261 Warning
Non-clocked sequential cell  
The clock pin obj_ctrl/ball_ctrl/yball_reg[0]/C is not reached by a timing clock
Related violations: <none>

TIMING-17#262 Warning
Non-clocked sequential cell  
The clock pin obj_ctrl/ball_ctrl/yball_reg[1]/C is not reached by a timing clock
Related violations: <none>

TIMING-17#263 Warning
Non-clocked sequential cell  
The clock pin obj_ctrl/ball_ctrl/yball_reg[2]/C is not reached by a timing clock
Related violations: <none>

TIMING-17#264 Warning
Non-clocked sequential cell  
The clock pin obj_ctrl/ball_ctrl/yball_reg[3]/C is not reached by a timing clock
Related violations: <none>

TIMING-17#265 Warning
Non-clocked sequential cell  
The clock pin obj_ctrl/ball_ctrl/yball_reg[4]/C is not reached by a timing clock
Related violations: <none>

TIMING-17#266 Warning
Non-clocked sequential cell  
The clock pin obj_ctrl/ball_ctrl/yball_reg[5]/C is not reached by a timing clock
Related violations: <none>

TIMING-17#267 Warning
Non-clocked sequential cell  
The clock pin obj_ctrl/ball_ctrl/yball_reg[6]/C is not reached by a timing clock
Related violations: <none>

TIMING-17#268 Warning
Non-clocked sequential cell  
The clock pin obj_ctrl/ball_ctrl/yball_reg[7]/C is not reached by a timing clock
Related violations: <none>

TIMING-17#269 Warning
Non-clocked sequential cell  
The clock pin obj_ctrl/ball_ctrl/yball_reg[8]/C is not reached by a timing clock
Related violations: <none>

TIMING-17#270 Warning
Non-clocked sequential cell  
The clock pin obj_ctrl/ball_ctrl/yball_reg[9]/C is not reached by a timing clock
Related violations: <none>

TIMING-17#271 Warning
Non-clocked sequential cell  
The clock pin obj_ctrl/ball_ctrl/zone_pad_bounce_reg[0]/C is not reached by a timing clock
Related violations: <none>

TIMING-17#272 Warning
Non-clocked sequential cell  
The clock pin obj_ctrl/ball_ctrl/zone_pad_bounce_reg[1]/C is not reached by a timing clock
Related violations: <none>

TIMING-17#273 Warning
Non-clocked sequential cell  
The clock pin obj_ctrl/ball_ctrl/zone_pad_bounce_reg[2]/C is not reached by a timing clock
Related violations: <none>

TIMING-17#274 Warning
Non-clocked sequential cell  
The clock pin obj_ctrl/ball_ctrl/zone_pad_bounce_reg[3]/C is not reached by a timing clock
Related violations: <none>

TIMING-17#275 Warning
Non-clocked sequential cell  
The clock pin obj_ctrl/ball_ctrl/zone_pad_bounce_reg[4]/C is not reached by a timing clock
Related violations: <none>

TIMING-17#276 Warning
Non-clocked sequential cell  
The clock pin obj_ctrl/bounce_ctrl/brick_bounce_reg[0][0]/C is not reached by a timing clock
Related violations: <none>

TIMING-17#277 Warning
Non-clocked sequential cell  
The clock pin obj_ctrl/bounce_ctrl/brick_bounce_reg[0][1]/C is not reached by a timing clock
Related violations: <none>

TIMING-17#278 Warning
Non-clocked sequential cell  
The clock pin obj_ctrl/bounce_ctrl/brick_bounce_reg[0][2]/C is not reached by a timing clock
Related violations: <none>

TIMING-17#279 Warning
Non-clocked sequential cell  
The clock pin obj_ctrl/bounce_ctrl/brick_bounce_reg[0][3]/C is not reached by a timing clock
Related violations: <none>

TIMING-17#280 Warning
Non-clocked sequential cell  
The clock pin obj_ctrl/bounce_ctrl/brick_bounce_reg[0][4]/C is not reached by a timing clock
Related violations: <none>

TIMING-17#281 Warning
Non-clocked sequential cell  
The clock pin obj_ctrl/bounce_ctrl/brick_bounce_reg[0][5]/C is not reached by a timing clock
Related violations: <none>

TIMING-17#282 Warning
Non-clocked sequential cell  
The clock pin obj_ctrl/bounce_ctrl/brick_bounce_reg[0][6]/C is not reached by a timing clock
Related violations: <none>

TIMING-17#283 Warning
Non-clocked sequential cell  
The clock pin obj_ctrl/bounce_ctrl/brick_bounce_reg[0][7]/C is not reached by a timing clock
Related violations: <none>

TIMING-17#284 Warning
Non-clocked sequential cell  
The clock pin obj_ctrl/bounce_ctrl/brick_bounce_reg[0][8]/C is not reached by a timing clock
Related violations: <none>

TIMING-17#285 Warning
Non-clocked sequential cell  
The clock pin obj_ctrl/bounce_ctrl/brick_bounce_reg[1][0]/C is not reached by a timing clock
Related violations: <none>

TIMING-17#286 Warning
Non-clocked sequential cell  
The clock pin obj_ctrl/bounce_ctrl/brick_bounce_reg[1][1]/C is not reached by a timing clock
Related violations: <none>

TIMING-17#287 Warning
Non-clocked sequential cell  
The clock pin obj_ctrl/bounce_ctrl/brick_bounce_reg[1][2]/C is not reached by a timing clock
Related violations: <none>

TIMING-17#288 Warning
Non-clocked sequential cell  
The clock pin obj_ctrl/bounce_ctrl/brick_bounce_reg[1][3]/C is not reached by a timing clock
Related violations: <none>

TIMING-17#289 Warning
Non-clocked sequential cell  
The clock pin obj_ctrl/bounce_ctrl/brick_bounce_reg[1][4]/C is not reached by a timing clock
Related violations: <none>

TIMING-17#290 Warning
Non-clocked sequential cell  
The clock pin obj_ctrl/bounce_ctrl/brick_bounce_reg[1][5]/C is not reached by a timing clock
Related violations: <none>

TIMING-17#291 Warning
Non-clocked sequential cell  
The clock pin obj_ctrl/bounce_ctrl/brick_bounce_reg[1][6]/C is not reached by a timing clock
Related violations: <none>

TIMING-17#292 Warning
Non-clocked sequential cell  
The clock pin obj_ctrl/bounce_ctrl/brick_bounce_reg[1][7]/C is not reached by a timing clock
Related violations: <none>

TIMING-17#293 Warning
Non-clocked sequential cell  
The clock pin obj_ctrl/bounce_ctrl/brick_bounce_reg[1][8]/C is not reached by a timing clock
Related violations: <none>

TIMING-17#294 Warning
Non-clocked sequential cell  
The clock pin obj_ctrl/bounce_ctrl/leftbounce_reg/C is not reached by a timing clock
Related violations: <none>

TIMING-17#295 Warning
Non-clocked sequential cell  
The clock pin obj_ctrl/bounce_ctrl/pad_center_bounce_reg/C is not reached by a timing clock
Related violations: <none>

TIMING-17#296 Warning
Non-clocked sequential cell  
The clock pin obj_ctrl/bounce_ctrl/pad_far_left_bounce_reg/C is not reached by a timing clock
Related violations: <none>

TIMING-17#297 Warning
Non-clocked sequential cell  
The clock pin obj_ctrl/bounce_ctrl/pad_far_right_bounce_reg/C is not reached by a timing clock
Related violations: <none>

TIMING-17#298 Warning
Non-clocked sequential cell  
The clock pin obj_ctrl/bounce_ctrl/pad_left_bounce_reg/C is not reached by a timing clock
Related violations: <none>

TIMING-17#299 Warning
Non-clocked sequential cell  
The clock pin obj_ctrl/bounce_ctrl/pad_right_bounce_reg/C is not reached by a timing clock
Related violations: <none>

TIMING-17#300 Warning
Non-clocked sequential cell  
The clock pin obj_ctrl/bounce_ctrl/pong_left_bounce_reg/C is not reached by a timing clock
Related violations: <none>

TIMING-17#301 Warning
Non-clocked sequential cell  
The clock pin obj_ctrl/bounce_ctrl/pong_right_bounce_reg/C is not reached by a timing clock
Related violations: <none>

TIMING-17#302 Warning
Non-clocked sequential cell  
The clock pin obj_ctrl/bounce_ctrl/rightbounce_reg/C is not reached by a timing clock
Related violations: <none>

TIMING-17#303 Warning
Non-clocked sequential cell  
The clock pin obj_ctrl/bounce_ctrl/ybounce_reg/C is not reached by a timing clock
Related violations: <none>

TIMING-17#304 Warning
Non-clocked sequential cell  
The clock pin obj_ctrl/pad_ctrl/xpad_reg[1]/C is not reached by a timing clock
Related violations: <none>

TIMING-17#305 Warning
Non-clocked sequential cell  
The clock pin obj_ctrl/pad_ctrl/xpad_reg[2]/C is not reached by a timing clock
Related violations: <none>

TIMING-17#306 Warning
Non-clocked sequential cell  
The clock pin obj_ctrl/pad_ctrl/xpad_reg[3]/C is not reached by a timing clock
Related violations: <none>

TIMING-17#307 Warning
Non-clocked sequential cell  
The clock pin obj_ctrl/pad_ctrl/xpad_reg[4]/C is not reached by a timing clock
Related violations: <none>

TIMING-17#308 Warning
Non-clocked sequential cell  
The clock pin obj_ctrl/pad_ctrl/xpad_reg[5]/C is not reached by a timing clock
Related violations: <none>

TIMING-17#309 Warning
Non-clocked sequential cell  
The clock pin obj_ctrl/pad_ctrl/xpad_reg[6]/C is not reached by a timing clock
Related violations: <none>

TIMING-17#310 Warning
Non-clocked sequential cell  
The clock pin obj_ctrl/pad_ctrl/xpad_reg[7]/C is not reached by a timing clock
Related violations: <none>

TIMING-17#311 Warning
Non-clocked sequential cell  
The clock pin obj_ctrl/pad_ctrl/xpad_reg[8]/C is not reached by a timing clock
Related violations: <none>

TIMING-17#312 Warning
Non-clocked sequential cell  
The clock pin obj_ctrl/pad_ctrl/xpad_reg[9]/C is not reached by a timing clock
Related violations: <none>

TIMING-17#313 Warning
Non-clocked sequential cell  
The clock pin obj_ctrl/pad_ctrl/ypong_left_reg[1]/C is not reached by a timing clock
Related violations: <none>

TIMING-17#314 Warning
Non-clocked sequential cell  
The clock pin obj_ctrl/pad_ctrl/ypong_left_reg[2]/C is not reached by a timing clock
Related violations: <none>

TIMING-17#315 Warning
Non-clocked sequential cell  
The clock pin obj_ctrl/pad_ctrl/ypong_left_reg[3]/C is not reached by a timing clock
Related violations: <none>

TIMING-17#316 Warning
Non-clocked sequential cell  
The clock pin obj_ctrl/pad_ctrl/ypong_left_reg[4]/C is not reached by a timing clock
Related violations: <none>

TIMING-17#317 Warning
Non-clocked sequential cell  
The clock pin obj_ctrl/pad_ctrl/ypong_left_reg[5]/C is not reached by a timing clock
Related violations: <none>

TIMING-17#318 Warning
Non-clocked sequential cell  
The clock pin obj_ctrl/pad_ctrl/ypong_left_reg[6]/C is not reached by a timing clock
Related violations: <none>

TIMING-17#319 Warning
Non-clocked sequential cell  
The clock pin obj_ctrl/pad_ctrl/ypong_left_reg[7]/C is not reached by a timing clock
Related violations: <none>

TIMING-17#320 Warning
Non-clocked sequential cell  
The clock pin obj_ctrl/pad_ctrl/ypong_left_reg[8]/C is not reached by a timing clock
Related violations: <none>

TIMING-17#321 Warning
Non-clocked sequential cell  
The clock pin obj_ctrl/pad_ctrl/ypong_right_reg[1]/C is not reached by a timing clock
Related violations: <none>

TIMING-17#322 Warning
Non-clocked sequential cell  
The clock pin obj_ctrl/pad_ctrl/ypong_right_reg[2]/C is not reached by a timing clock
Related violations: <none>

TIMING-17#323 Warning
Non-clocked sequential cell  
The clock pin obj_ctrl/pad_ctrl/ypong_right_reg[3]/C is not reached by a timing clock
Related violations: <none>

TIMING-17#324 Warning
Non-clocked sequential cell  
The clock pin obj_ctrl/pad_ctrl/ypong_right_reg[4]/C is not reached by a timing clock
Related violations: <none>

TIMING-17#325 Warning
Non-clocked sequential cell  
The clock pin obj_ctrl/pad_ctrl/ypong_right_reg[5]/C is not reached by a timing clock
Related violations: <none>

TIMING-17#326 Warning
Non-clocked sequential cell  
The clock pin obj_ctrl/pad_ctrl/ypong_right_reg[6]/C is not reached by a timing clock
Related violations: <none>

TIMING-17#327 Warning
Non-clocked sequential cell  
The clock pin obj_ctrl/pad_ctrl/ypong_right_reg[7]/C is not reached by a timing clock
Related violations: <none>

TIMING-17#328 Warning
Non-clocked sequential cell  
The clock pin obj_ctrl/pad_ctrl/ypong_right_reg[8]/C is not reached by a timing clock
Related violations: <none>

TIMING-17#329 Warning
Non-clocked sequential cell  
The clock pin vga_ctrl/hsync_reg/C is not reached by a timing clock
Related violations: <none>

TIMING-17#330 Warning
Non-clocked sequential cell  
The clock pin vga_ctrl/vsync_reg/C is not reached by a timing clock
Related violations: <none>

TIMING-17#331 Warning
Non-clocked sequential cell  
The clock pin vga_ctrl/xcord_reg[0]/C is not reached by a timing clock
Related violations: <none>

TIMING-17#332 Warning
Non-clocked sequential cell  
The clock pin vga_ctrl/xcord_reg[1]/C is not reached by a timing clock
Related violations: <none>

TIMING-17#333 Warning
Non-clocked sequential cell  
The clock pin vga_ctrl/xcord_reg[2]/C is not reached by a timing clock
Related violations: <none>

TIMING-17#334 Warning
Non-clocked sequential cell  
The clock pin vga_ctrl/xcord_reg[3]/C is not reached by a timing clock
Related violations: <none>

TIMING-17#335 Warning
Non-clocked sequential cell  
The clock pin vga_ctrl/xcord_reg[4]/C is not reached by a timing clock
Related violations: <none>

TIMING-17#336 Warning
Non-clocked sequential cell  
The clock pin vga_ctrl/xcord_reg[5]/C is not reached by a timing clock
Related violations: <none>

TIMING-17#337 Warning
Non-clocked sequential cell  
The clock pin vga_ctrl/xcord_reg[6]/C is not reached by a timing clock
Related violations: <none>

TIMING-17#338 Warning
Non-clocked sequential cell  
The clock pin vga_ctrl/xcord_reg[7]/C is not reached by a timing clock
Related violations: <none>

TIMING-17#339 Warning
Non-clocked sequential cell  
The clock pin vga_ctrl/xcord_reg[8]/C is not reached by a timing clock
Related violations: <none>

TIMING-17#340 Warning
Non-clocked sequential cell  
The clock pin vga_ctrl/xcord_reg[9]/C is not reached by a timing clock
Related violations: <none>

TIMING-17#341 Warning
Non-clocked sequential cell  
The clock pin vga_ctrl/ycord_reg[0]/C is not reached by a timing clock
Related violations: <none>

TIMING-17#342 Warning
Non-clocked sequential cell  
The clock pin vga_ctrl/ycord_reg[1]/C is not reached by a timing clock
Related violations: <none>

TIMING-17#343 Warning
Non-clocked sequential cell  
The clock pin vga_ctrl/ycord_reg[2]/C is not reached by a timing clock
Related violations: <none>

TIMING-17#344 Warning
Non-clocked sequential cell  
The clock pin vga_ctrl/ycord_reg[3]/C is not reached by a timing clock
Related violations: <none>

TIMING-17#345 Warning
Non-clocked sequential cell  
The clock pin vga_ctrl/ycord_reg[4]/C is not reached by a timing clock
Related violations: <none>

TIMING-17#346 Warning
Non-clocked sequential cell  
The clock pin vga_ctrl/ycord_reg[5]/C is not reached by a timing clock
Related violations: <none>

TIMING-17#347 Warning
Non-clocked sequential cell  
The clock pin vga_ctrl/ycord_reg[6]/C is not reached by a timing clock
Related violations: <none>

TIMING-17#348 Warning
Non-clocked sequential cell  
The clock pin vga_ctrl/ycord_reg[7]/C is not reached by a timing clock
Related violations: <none>

TIMING-17#349 Warning
Non-clocked sequential cell  
The clock pin vga_ctrl/ycord_reg[8]/C is not reached by a timing clock
Related violations: <none>

TIMING-17#350 Warning
Non-clocked sequential cell  
The clock pin vga_ctrl/ycord_reg[9]/C is not reached by a timing clock
Related violations: <none>

TIMING-18#1 Warning
Missing input or output delay  
An input delay is missing on S0 relative to clock(s) sys_clk_pin
Related violations: <none>

TIMING-18#2 Warning
Missing input or output delay  
An input delay is missing on ouest relative to clock(s) sys_clk_pin
Related violations: <none>


