Copyright 1986-2018 Xilinx, Inc. All Rights Reserved.
------------------------------------------------------------------------------------
| Tool Version : Vivado v.2018.3 (win64) Build 2405991 Thu Dec  6 23:38:27 MST 2018
| Date         : Fri Dec  5 16:18:32 2025
| Host         : WALID running 64-bit major release  (build 9200)
| Command      : report_control_sets -verbose -file Top_control_sets_placed.rpt
| Design       : Top
| Device       : xc7a35t
------------------------------------------------------------------------------------

Control Set Information

Table of Contents
-----------------
1. Summary
2. Histogram
3. Flip-Flop Distribution
4. Detailed Control Set Information

1. Summary
----------

+----------------------------------------------------------+-------+
|                          Status                          | Count |
+----------------------------------------------------------+-------+
| Number of unique control sets                            |     7 |
| Unused register locations in slices containing registers |    31 |
+----------------------------------------------------------+-------+


2. Histogram
------------

+--------+--------------+
| Fanout | Control Sets |
+--------+--------------+
|      1 |            1 |
|      5 |            3 |
|     10 |            1 |
|     12 |            1 |
|    16+ |            1 |
+--------+--------------+


3. Flip-Flop Distribution
-------------------------

+--------------+-----------------------+------------------------+-----------------+--------------+
| Clock Enable | Synchronous Set/Reset | Asynchronous Set/Reset | Total Registers | Total Slices |
+--------------+-----------------------+------------------------+-----------------+--------------+
| No           | No                    | No                     |               1 |            1 |
| No           | No                    | Yes                    |              39 |           15 |
| No           | Yes                   | No                     |               0 |            0 |
| Yes          | No                    | No                     |               0 |            0 |
| Yes          | No                    | Yes                    |              25 |            9 |
| Yes          | Yes                   | No                     |               0 |            0 |
+--------------+-----------------------+------------------------+-----------------+--------------+


4. Detailed Control Set Information
-----------------------------------

+----------------------------+-------------------+------------------+------------------+----------------+
|        Clock Signal        |   Enable Signal   | Set/Reset Signal | Slice Load Count | Bel Load Count |
+----------------------------+-------------------+------------------+------------------+----------------+
|  Clk100_IBUF_BUFG          |                   |                  |                1 |              1 |
|  Moving_colors/mondiv/CLK  | Moving_colors/r_1 | Reset_IBUF       |                2 |              5 |
|  Moving_colors/mondiv/CLK  | Moving_colors/g_2 | Reset_IBUF       |                2 |              5 |
|  Moving_colors/mondiv/CLK  | Moving_colors/b_0 | Reset_IBUF       |                2 |              5 |
|  Diviseur/clk_sortie_reg_0 | VGA/sel           | Reset_IBUF       |                3 |             10 |
|  Diviseur/clk_sortie_reg_0 |                   | Reset_IBUF       |                5 |             12 |
|  Clk100_IBUF_BUFG          |                   | Reset_IBUF       |               10 |             27 |
+----------------------------+-------------------+------------------+------------------+----------------+


